Archive member included to satisfy reference by file (symbol)

c:/program files (x86)/atollic/truestudio for stm32 9.0.0/armtools/bin/../lib/gcc/arm-atollic-eabi/6.3.1/../../../../arm-atollic-eabi/lib/armv7e-m/fpu\libc.a(lib_a-init.o)
                              startup\startup_stm32f303xc.o (__libc_init_array)
c:/program files (x86)/atollic/truestudio for stm32 9.0.0/armtools/bin/../lib/gcc/arm-atollic-eabi/6.3.1/../../../../arm-atollic-eabi/lib/armv7e-m/fpu\libc.a(lib_a-memcpy-stub.o)
                              Middlewares\Third_Party\FreeRTOS\Source\queue.o (memcpy)
c:/program files (x86)/atollic/truestudio for stm32 9.0.0/armtools/bin/../lib/gcc/arm-atollic-eabi/6.3.1/armv7e-m/fpu\libgcc.a(_lshrdi3.o)
                              Drivers\STM32F3xx_HAL_Driver\Src\stm32f3xx_hal_flash.o (__aeabi_llsr)
c:/program files (x86)/atollic/truestudio for stm32 9.0.0/armtools/bin/../lib/gcc/arm-atollic-eabi/6.3.1/armv7e-m/fpu\libgcc.a(unwind-arm.o)
                              Src\main.o (__aeabi_unwind_cpp_pr0)
c:/program files (x86)/atollic/truestudio for stm32 9.0.0/armtools/bin/../lib/gcc/arm-atollic-eabi/6.3.1/armv7e-m/fpu\libgcc.a(libunwind.o)
                              c:/program files (x86)/atollic/truestudio for stm32 9.0.0/armtools/bin/../lib/gcc/arm-atollic-eabi/6.3.1/armv7e-m/fpu\libgcc.a(unwind-arm.o) (restore_core_regs)
c:/program files (x86)/atollic/truestudio for stm32 9.0.0/armtools/bin/../lib/gcc/arm-atollic-eabi/6.3.1/armv7e-m/fpu\libgcc.a(pr-support.o)
                              c:/program files (x86)/atollic/truestudio for stm32 9.0.0/armtools/bin/../lib/gcc/arm-atollic-eabi/6.3.1/armv7e-m/fpu\libgcc.a(unwind-arm.o) (__gnu_unwind_execute)
c:/program files (x86)/atollic/truestudio for stm32 9.0.0/armtools/bin/../lib/gcc/arm-atollic-eabi/6.3.1/../../../../arm-atollic-eabi/lib/armv7e-m/fpu\libc.a(lib_a-abort.o)
                              c:/program files (x86)/atollic/truestudio for stm32 9.0.0/armtools/bin/../lib/gcc/arm-atollic-eabi/6.3.1/armv7e-m/fpu\libgcc.a(unwind-arm.o) (abort)
c:/program files (x86)/atollic/truestudio for stm32 9.0.0/armtools/bin/../lib/gcc/arm-atollic-eabi/6.3.1/../../../../arm-atollic-eabi/lib/armv7e-m/fpu\libc.a(lib_a-signal.o)
                              c:/program files (x86)/atollic/truestudio for stm32 9.0.0/armtools/bin/../lib/gcc/arm-atollic-eabi/6.3.1/../../../../arm-atollic-eabi/lib/armv7e-m/fpu\libc.a(lib_a-abort.o) (raise)
c:/program files (x86)/atollic/truestudio for stm32 9.0.0/armtools/bin/../lib/gcc/arm-atollic-eabi/6.3.1/../../../../arm-atollic-eabi/lib/armv7e-m/fpu\libc.a(lib_a-signalr.o)
                              c:/program files (x86)/atollic/truestudio for stm32 9.0.0/armtools/bin/../lib/gcc/arm-atollic-eabi/6.3.1/../../../../arm-atollic-eabi/lib/armv7e-m/fpu\libc.a(lib_a-signal.o) (_kill_r)
c:/program files (x86)/atollic/truestudio for stm32 9.0.0/armtools/bin/../lib/gcc/arm-atollic-eabi/6.3.1/../../../../arm-atollic-eabi/lib/armv7e-m/fpu\libc.a(lib_a-impure.o)
                              c:/program files (x86)/atollic/truestudio for stm32 9.0.0/armtools/bin/../lib/gcc/arm-atollic-eabi/6.3.1/../../../../arm-atollic-eabi/lib/armv7e-m/fpu\libc.a(lib_a-signal.o) (_impure_ptr)
c:/program files (x86)/atollic/truestudio for stm32 9.0.0/armtools/bin/../lib/gcc/arm-atollic-eabi/6.3.1/../../../../arm-atollic-eabi/lib/armv7e-m/fpu\libc.a(lib_a-mallocr.o)
                              c:/program files (x86)/atollic/truestudio for stm32 9.0.0/armtools/bin/../lib/gcc/arm-atollic-eabi/6.3.1/../../../../arm-atollic-eabi/lib/armv7e-m/fpu\libc.a(lib_a-signal.o) (_malloc_r)
c:/program files (x86)/atollic/truestudio for stm32 9.0.0/armtools/bin/../lib/gcc/arm-atollic-eabi/6.3.1/../../../../arm-atollic-eabi/lib/armv7e-m/fpu\libc.a(lib_a-mlock.o)
                              c:/program files (x86)/atollic/truestudio for stm32 9.0.0/armtools/bin/../lib/gcc/arm-atollic-eabi/6.3.1/../../../../arm-atollic-eabi/lib/armv7e-m/fpu\libc.a(lib_a-mallocr.o) (__malloc_lock)
c:/program files (x86)/atollic/truestudio for stm32 9.0.0/armtools/bin/../lib/gcc/arm-atollic-eabi/6.3.1/../../../../arm-atollic-eabi/lib/armv7e-m/fpu\libc.a(lib_a-reent.o)
                              c:/program files (x86)/atollic/truestudio for stm32 9.0.0/armtools/bin/../lib/gcc/arm-atollic-eabi/6.3.1/../../../../arm-atollic-eabi/lib/armv7e-m/fpu\libc.a(lib_a-signalr.o) (errno)
c:/program files (x86)/atollic/truestudio for stm32 9.0.0/armtools/bin/../lib/gcc/arm-atollic-eabi/6.3.1/../../../../arm-atollic-eabi/lib/armv7e-m/fpu\libc.a(lib_a-sbrkr.o)
                              c:/program files (x86)/atollic/truestudio for stm32 9.0.0/armtools/bin/../lib/gcc/arm-atollic-eabi/6.3.1/../../../../arm-atollic-eabi/lib/armv7e-m/fpu\libc.a(lib_a-mallocr.o) (_sbrk_r)
c:/program files (x86)/atollic/truestudio for stm32 9.0.0/armtools/bin/../lib/gcc/arm-atollic-eabi/6.3.1/../../../../arm-atollic-eabi/lib/armv7e-m/fpu\libc.a(lib_a-freer.o)
[...]
Memory Configuration

Name             Origin             Length             Attributes
RAM              0x20000000         0x0000a000         xrw
CCMRAM           0x10000000         0x00002000         rw
FLASH            0x08000000         0x00040000         xr
*default*        0x00000000         0xffffffff

Linker script and memory map

LOAD c:/program files (x86)/atollic/truestudio for stm32 9.0.0/armtools/bin/../lib/gcc/arm-atollic-eabi/6.3.1/armv7e-m/fpu/crti.o
LOAD c:/program files (x86)/atollic/truestudio for stm32 9.0.0/armtools/bin/../lib/gcc/arm-atollic-eabi/6.3.1/armv7e-m/fpu/crtbegin.o
LOAD Drivers\STM32F3xx_HAL_Driver\Src\stm32f3xx_hal.o
LOAD Drivers\STM32F3xx_HAL_Driver\Src\stm32f3xx_hal_adc.o
LOAD Drivers\STM32F3xx_HAL_Driver\Src\stm32f3xx_hal_adc_ex.o
LOAD Drivers\STM32F3xx_HAL_Driver\Src\stm32f3xx_hal_cortex.o
LOAD Drivers\STM32F3xx_HAL_Driver\Src\stm32f3xx_hal_dma.o
LOAD Drivers\STM32F3xx_HAL_Driver\Src\stm32f3xx_hal_flash.o
LOAD Drivers\STM32F3xx_HAL_Driver\Src\stm32f3xx_hal_flash_ex.o
LOAD Drivers\STM32F3xx_HAL_Driver\Src\stm32f3xx_hal_gpio.o
LOAD Drivers\STM32F3xx_HAL_Driver\Src\stm32f3xx_hal_i2c.o
LOAD Drivers\STM32F3xx_HAL_Driver\Src\stm32f3xx_hal_i2c_ex.o
LOAD Drivers\STM32F3xx_HAL_Driver\Src\stm32f3xx_hal_pwr.o
LOAD Drivers\STM32F3xx_HAL_Driver\Src\stm32f3xx_hal_pwr_ex.o
LOAD Drivers\STM32F3xx_HAL_Driver\Src\stm32f3xx_hal_rcc.o
LOAD Drivers\STM32F3xx_HAL_Driver\Src\stm32f3xx_hal_rcc_ex.o
LOAD Drivers\STM32F3xx_HAL_Driver\Src\stm32f3xx_hal_spi.o
LOAD Drivers\STM32F3xx_HAL_Driver\Src\stm32f3xx_hal_spi_ex.o
LOAD Drivers\STM32F3xx_HAL_Driver\Src\stm32f3xx_hal_tim.o
LOAD Drivers\STM32F3xx_HAL_Driver\Src\stm32f3xx_hal_tim_ex.o
LOAD Drivers\STM32F3xx_HAL_Driver\Src\stm32f3xx_hal_uart.o
LOAD Drivers\STM32F3xx_HAL_Driver\Src\stm32f3xx_hal_uart_ex.o
LOAD Middlewares\Third_Party\FreeRTOS\Source\CMSIS_RTOS\cmsis_os.o
LOAD Middlewares\Third_Party\FreeRTOS\Source\croutine.o
LOAD Middlewares\Third_Party\FreeRTOS\Source\event_groups.o
LOAD Middlewares\Third_Party\FreeRTOS\Source\list.o
LOAD Middlewares\Third_Party\FreeRTOS\Source\portable\GCC\ARM_CM4F\port.o
LOAD Middlewares\Third_Party\FreeRTOS\Source\portable\MemMang\heap_4.o
LOAD Middlewares\Third_Party\FreeRTOS\Source\queue.o
LOAD Middlewares\Third_Party\FreeRTOS\Source\tasks.o
LOAD Middlewares\Third_Party\FreeRTOS\Source\timers.o
LOAD Src\PlantsObserver.o
LOAD Src\PumpController.o
LOAD Src\adc.o
LOAD Src\dma.o
LOAD Src\error_handler.o
LOAD Src\freertos.o
LOAD Src\gpio.o
LOAD Src\main.o
LOAD Src\spi.o
LOAD Src\stm32f3xx_hal_msp.o
LOAD Src\stm32f3xx_hal_timebase_TIM.o
LOAD Src\stm32f3xx_it.o
LOAD Src\system_stm32f3xx.o
LOAD Src\usart.o
LOAD startup\startup_stm32f303xc.o
                0x00001000                malloc_getpagesize_P = 0x1000
START GROUP
LOAD c:/program files (x86)/atollic/truestudio for stm32 9.0.0/armtools/bin/../lib/gcc/arm-atollic-eabi/6.3.1/../../../../arm-atollic-eabi/lib/armv7e-m/fpu\libstdc++.a
LOAD c:/program files (x86)/atollic/truestudio for stm32 9.0.0/armtools/bin/../lib/gcc/arm-atollic-eabi/6.3.1/../../../../arm-atollic-eabi/lib/armv7e-m/fpu\libsupc++.a
END GROUP
LOAD c:/program files (x86)/atollic/truestudio for stm32 9.0.0/armtools/bin/../lib/gcc/arm-atollic-eabi/6.3.1/../../../../arm-atollic-eabi/lib/armv7e-m/fpu\libstdc++.a
LOAD c:/program files (x86)/atollic/truestudio for stm32 9.0.0/armtools/bin/../lib/gcc/arm-atollic-eabi/6.3.1/../../../../arm-atollic-eabi/lib/armv7e-m/fpu\libm.a
LOAD c:/program files (x86)/atollic/truestudio for stm32 9.0.0/armtools/bin/../lib/gcc/arm-atollic-eabi/6.3.1/../../../../arm-atollic-eabi/lib/armv7e-m/fpu\libc.a
START GROUP
LOAD c:/program files (x86)/atollic/truestudio for stm32 9.0.0/armtools/bin/../lib/gcc/arm-atollic-eabi/6.3.1/armv7e-m/fpu\libgcc.a
LOAD c:/program files (x86)/atollic/truestudio for stm32 9.0.0/armtools/bin/../lib/gcc/arm-atollic-eabi/6.3.1/../../../../arm-atollic-eabi/lib/armv7e-m/fpu\libc.a
END GROUP
START GROUP
LOAD c:/program files (x86)/atollic/truestudio for stm32 9.0.0/armtools/bin/../lib/gcc/arm-atollic-eabi/6.3.1/armv7e-m/fpu\libgcc.a
LOAD c:/program files (x86)/atollic/truestudio for stm32 9.0.0/armtools/bin/../lib/gcc/arm-atollic-eabi/6.3.1/../../../../arm-atollic-eabi/lib/armv7e-m/fpu\libc.a
LOAD c:/program files (x86)/atollic/truestudio for stm32 9.0.0/armtools/bin/../lib/gcc/arm-atollic-eabi/6.3.1/../../../../arm-atollic-eabi/lib/armv7e-m/fpu\libnosys.a
END GROUP
LOAD c:/program files (x86)/atollic/truestudio for stm32 9.0.0/armtools/bin/../lib/gcc/arm-atollic-eabi/6.3.1/armv7e-m/fpu/crtend.o
LOAD c:/program files (x86)/atollic/truestudio for stm32 9.0.0/armtools/bin/../lib/gcc/arm-atollic-eabi/6.3.1/armv7e-m/fpu/crtn.o
                0x2000a000                _estack = 0x2000a000
                0x00000200                _Min_Heap_Size = 0x200
                0x00000400                _Min_Stack_Size = 0x400

.isr_vector     0x08000000      0x188
                0x08000000                . = ALIGN (0x4)
 *(.isr_vector)
 .isr_vector    0x08000000      0x188 startup\startup_stm32f303xc.o
                0x08000000                g_pfnVectors
                0x08000188                . = ALIGN (0x4)

.text           0x08000190     0x3f08
                0x08000190                . = ALIGN (0x4)
 *(.text)
 .text          0x08000190       0x40 c:/program files (x86)/atollic/truestudio for stm32 9.0.0/armtools/bin/../lib/gcc/arm-atollic-eabi/6.3.1/armv7e-m/fpu/crtbegin.o
 .text          0x080001d0      0x9cc c:/program files (x86)/atollic/truestudio for stm32 9.0.0/armtools/bin/../lib/gcc/arm-atollic-eabi/6.3.1/armv7e-m/fpu\libgcc.a(unwind-arm.o)
                0x08000490                _Unwind_GetCFA
                0x08000494                __gnu_Unwind_RaiseException
                0x080004f4                __gnu_Unwind_ForcedUnwind
                0x08000508                __gnu_Unwind_Resume
                0x0800054c                __gnu_Unwind_Resume_or_Rethrow
                0x0800055c                _Unwind_Complete
                0x08000560                _Unwind_DeleteException
                0x0800056c                _Unwind_VRS_Get
                0x080005b8                _Unwind_VRS_Set
                0x08000608                __gnu_Unwind_Backtrace
                0x08000948                __aeabi_unwind_cpp_pr0
                0x0800094c                __aeabi_unwind_cpp_pr1
                0x08000950                __aeabi_unwind_cpp_pr2
                0x08000954                _Unwind_VRS_Pop
 .text          0x08000b9c      0x1ac c:/program files (x86)/atollic/truestudio for stm32 9.0.0/armtools/bin/../lib/gcc/arm-atollic-eabi/6.3.1/armv7e-m/fpu\libgcc.a(libunwind.o)
                0x08000b9c                __restore_core_regs
                0x08000b9c                restore_core_regs
                0x08000bb4                __gnu_Unwind_Restore_VFP
                0x08000bbc                __gnu_Unwind_Save_VFP
                0x08000bc4                __gnu_Unwind_Restore_VFP_D
                0x08000bcc                __gnu_Unwind_Save_VFP_D
                0x08000bd4                __gnu_Unwind_Restore_VFP_D_16_to_31
                0x08000bdc                __gnu_Unwind_Save_VFP_D_16_to_31
                0x08000be4                __gnu_Unwind_Restore_WMMXD
                0x08000c28                __gnu_Unwind_Save_WMMXD
                0x08000c6c                __gnu_Unwind_Restore_WMMXC
                0x08000c80                __gnu_Unwind_Save_WMMXC
                0x08000c94                ___Unwind_RaiseException
                0x08000c94                _Unwind_RaiseException
                0x08000cb8                _Unwind_Resume
                0x08000cb8                ___Unwind_Resume
                0x08000cdc                _Unwind_Resume_or_Rethrow
                0x08000cdc                ___Unwind_Resume_or_Rethrow
                0x08000d00                _Unwind_ForcedUnwind
                0x08000d00                ___Unwind_ForcedUnwind
                0x08000d24                ___Unwind_Backtrace
                0x08000d24                _Unwind_Backtrace
 .text          0x08000d48      0x380 c:/program files (x86)/atollic/truestudio for stm32 9.0.0/armtools/bin/../lib/gcc/arm-atollic-eabi/6.3.1/armv7e-m/fpu\libgcc.a(pr-support.o)
                0x08000da0                __gnu_unwind_execute
                0x08001070                __gnu_unwind_frame
                0x08001098                _Unwind_GetRegionStart
                0x080010a4                _Unwind_GetLanguageSpecificData
                0x080010b8                _Unwind_GetTextRelBase
                0x080010c0                _Unwind_GetDataRelBase
 *(.text*)
 .text.HAL_Init
                0x080010c8       0x24 Drivers\STM32F3xx_HAL_Driver\Src\stm32f3xx_hal.o
                0x080010c8                HAL_Init
 .text.HAL_IncTick
                0x080010ec       0x18 Drivers\STM32F3xx_HAL_Driver\Src\stm32f3xx_hal.o
                0x080010ec                HAL_IncTick
 .text.HAL_GetTick
                0x08001104        0xc Drivers\STM32F3xx_HAL_Driver\Src\stm32f3xx_hal.o
                0x08001104                HAL_GetTick
 .text.ADC_Disable
                0x08001110       0x6e Drivers\STM32F3xx_HAL_Driver\Src\stm32f3xx_hal_adc_ex.o
 *fill*         0x0800117e        0x2 
 .text.HAL_ADC_Init
                0x08001180      0x234 Drivers\STM32F3xx_HAL_Driver\Src\stm32f3xx_hal_adc_ex.o
                0x08001180                HAL_ADC_Init
 .text.HAL_ADC_ConfigChannel
                0x080013b4      0x330 Drivers\STM32F3xx_HAL_Driver\Src\stm32f3xx_hal_adc_ex.o
                0x080013b4                HAL_ADC_ConfigChannel
 .text.HAL_ADCEx_MultiModeConfigChannel
                0x080016e4      0x120 Drivers\STM32F3xx_HAL_Driver\Src\stm32f3xx_hal_adc_ex.o
                0x080016e4                HAL_ADCEx_MultiModeConfigChannel
 .text.HAL_NVIC_SetPriorityGrouping
                0x08001804       0x24 Drivers\STM32F3xx_HAL_Driver\Src\stm32f3xx_hal_cortex.o
                0x08001804                HAL_NVIC_SetPriorityGrouping
 .text.HAL_NVIC_SetPriority
                0x08001828       0x68 Drivers\STM32F3xx_HAL_Driver\Src\stm32f3xx_hal_cortex.o
                0x08001828                HAL_NVIC_SetPriority
 .text.HAL_NVIC_EnableIRQ
                0x08001890       0x18 Drivers\STM32F3xx_HAL_Driver\Src\stm32f3xx_hal_cortex.o
                0x08001890                HAL_NVIC_EnableIRQ
 .text.HAL_SYSTICK_Config
                0x080018a8       0x2c Drivers\STM32F3xx_HAL_Driver\Src\stm32f3xx_hal_cortex.o
                0x080018a8                HAL_SYSTICK_Config
 .text.HAL_SYSTICK_CLKSourceConfig
                0x080018d4       0x18 Drivers\STM32F3xx_HAL_Driver\Src\stm32f3xx_hal_cortex.o
                0x080018d4                HAL_SYSTICK_CLKSourceConfig
 .text.DMA_CalcBaseAndBitshift
                0x080018ec       0x44 Drivers\STM32F3xx_HAL_Driver\Src\stm32f3xx_hal_dma.o
 .text.HAL_DMA_Init
                0x08001930       0x56 Drivers\STM32F3xx_HAL_Driver\Src\stm32f3xx_hal_dma.o
                0x08001930                HAL_DMA_Init
 .text.HAL_DMA_IRQHandler
                0x08001986       0x90 Drivers\STM32F3xx_HAL_Driver\Src\stm32f3xx_hal_dma.o
                0x08001986                HAL_DMA_IRQHandler
 *fill*         0x08001a16        0x2 
 .text.HAL_GPIO_Init
                0x08001a18      0x184 Drivers\STM32F3xx_HAL_Driver\Src\stm32f3xx_hal_gpio.o
                0x08001a18                HAL_GPIO_Init
 .text.HAL_GPIO_WritePin
                0x08001b9c        0xa Drivers\STM32F3xx_HAL_Driver\Src\stm32f3xx_hal_gpio.o
                0x08001b9c                HAL_GPIO_WritePin
 *fill*         0x08001ba6        0x2 
 .text.HAL_RCC_OscConfig
                0x08001ba8      0x4e4 Drivers\STM32F3xx_HAL_Driver\Src\stm32f3xx_hal_rcc.o
                0x08001ba8                HAL_RCC_OscConfig
 .text.HAL_RCC_GetSysClockFreq
                0x0800208c       0x64 Drivers\STM32F3xx_HAL_Driver\Src\stm32f3xx_hal_rcc.o
                0x0800208c                HAL_RCC_GetSysClockFreq
 .text.HAL_RCC_ClockConfig
                0x080020f0      0x184 Drivers\STM32F3xx_HAL_Driver\Src\stm32f3xx_hal_rcc.o
                0x080020f0                HAL_RCC_ClockConfig
 .text.HAL_RCC_GetHCLKFreq
                0x08002274        0xc Drivers\STM32F3xx_HAL_Driver\Src\stm32f3xx_hal_rcc.o
                0x08002274                HAL_RCC_GetHCLKFreq
 .text.HAL_RCC_GetPCLK1Freq
                0x08002280       0x30 Drivers\STM32F3xx_HAL_Driver\Src\stm32f3xx_hal_rcc.o
                0x08002280                HAL_RCC_GetPCLK1Freq
 .text.HAL_RCC_GetPCLK2Freq
                0x080022b0       0x30 Drivers\STM32F3xx_HAL_Driver\Src\stm32f3xx_hal_rcc.o
                0x080022b0                HAL_RCC_GetPCLK2Freq
 .text.HAL_RCC_GetClockConfig
                0x080022e0       0x3c Drivers\STM32F3xx_HAL_Driver\Src\stm32f3xx_hal_rcc.o
                0x080022e0                HAL_RCC_GetClockConfig
 .text.HAL_RCCEx_PeriphCLKConfig
                0x0800231c      0x20c Drivers\STM32F3xx_HAL_Driver\Src\stm32f3xx_hal_rcc_ex.o
                0x0800231c                HAL_RCCEx_PeriphCLKConfig
 .text.HAL_SPI_Init
                0x08002528       0xaa Drivers\STM32F3xx_HAL_Driver\Src\stm32f3xx_hal_spi.o
                0x08002528                HAL_SPI_Init
 .text.HAL_TIM_Base_MspInit
                0x080025d2        0x2 Drivers\STM32F3xx_HAL_Driver\Src\stm32f3xx_hal_tim.o
                0x080025d2                HAL_TIM_Base_MspInit
 .text.HAL_TIM_Base_Start_IT
                0x080025d4       0x16 Drivers\STM32F3xx_HAL_Driver\Src\stm32f3xx_hal_tim.o
                0x080025d4                HAL_TIM_Base_Start_IT
 .text.HAL_TIM_OC_DelayElapsedCallback
                0x080025ea        0x2 Drivers\STM32F3xx_HAL_Driver\Src\stm32f3xx_hal_tim.o
                0x080025ea                HAL_TIM_OC_DelayElapsedCallback
 .text.HAL_TIM_IC_CaptureCallback
                0x080025ec        0x2 Drivers\STM32F3xx_HAL_Driver\Src\stm32f3xx_hal_tim.o
                0x080025ec                HAL_TIM_IC_CaptureCallback
 .text.HAL_TIM_PWM_PulseFinishedCallback
                0x080025ee        0x2 Drivers\STM32F3xx_HAL_Driver\Src\stm32f3xx_hal_tim.o
                0x080025ee                HAL_TIM_PWM_PulseFinishedCallback
 .text.HAL_TIM_TriggerCallback
                0x080025f0        0x2 Drivers\STM32F3xx_HAL_Driver\Src\stm32f3xx_hal_tim.o
                0x080025f0                HAL_TIM_TriggerCallback
 .text.HAL_TIM_IRQHandler
                0x080025f2      0x160 Drivers\STM32F3xx_HAL_Driver\Src\stm32f3xx_hal_tim.o
                0x080025f2                HAL_TIM_IRQHandler
 *fill*         0x08002752        0x2 
 .text.TIM_Base_SetConfig
                0x08002754       0xbc Drivers\STM32F3xx_HAL_Driver\Src\stm32f3xx_hal_tim.o
                0x08002754                TIM_Base_SetConfig
 .text.HAL_TIM_Base_Init
                0x08002810       0x34 Drivers\STM32F3xx_HAL_Driver\Src\stm32f3xx_hal_tim.o
                0x08002810                HAL_TIM_Base_Init
 .text.HAL_TIMEx_CommutationCallback
                0x08002844        0x2 Drivers\STM32F3xx_HAL_Driver\Src\stm32f3xx_hal_tim_ex.o
                0x08002844                HAL_TIMEx_CommutationCallback
 .text.HAL_TIMEx_BreakCallback
                0x08002846        0x2 Drivers\STM32F3xx_HAL_Driver\Src\stm32f3xx_hal_tim_ex.o
                0x08002846                HAL_TIMEx_BreakCallback
 .text.HAL_TIMEx_Break2Callback
                0x08002848        0x2 Drivers\STM32F3xx_HAL_Driver\Src\stm32f3xx_hal_tim_ex.o
                0x08002848                HAL_TIMEx_Break2Callback
 *fill*         0x0800284a        0x2 
 .text.UART_SetConfig
                0x0800284c      0x210 Drivers\STM32F3xx_HAL_Driver\Src\stm32f3xx_hal_uart.o
                0x0800284c                UART_SetConfig
 .text.UART_AdvFeatureConfig
                0x08002a5c       0xa8 Drivers\STM32F3xx_HAL_Driver\Src\stm32f3xx_hal_uart.o
                0x08002a5c                UART_AdvFeatureConfig
 .text.UART_WaitOnFlagUntilTimeout
                0x08002b04       0x62 Drivers\STM32F3xx_HAL_Driver\Src\stm32f3xx_hal_uart.o
                0x08002b04                UART_WaitOnFlagUntilTimeout
 .text.UART_CheckIdleState
                0x08002b66       0x64 Drivers\STM32F3xx_HAL_Driver\Src\stm32f3xx_hal_uart.o
                0x08002b66                UART_CheckIdleState
 .text.HAL_UART_Init
                0x08002bca       0x64 Drivers\STM32F3xx_HAL_Driver\Src\stm32f3xx_hal_uart.o
                0x08002bca                HAL_UART_Init
 .text.osKernelStart
                0x08002c2e        0xa Middlewares\Third_Party\FreeRTOS\Source\CMSIS_RTOS\cmsis_os.o
                0x08002c2e                osKernelStart
 .text.osThreadCreate
                0x08002c38       0x30 Middlewares\Third_Party\FreeRTOS\Source\CMSIS_RTOS\cmsis_os.o
                0x08002c38                osThreadCreate
 .text.osDelay  0x08002c68       0x10 Middlewares\Third_Party\FreeRTOS\Source\CMSIS_RTOS\cmsis_os.o
                0x08002c68                osDelay
 .text.osSystickHandler
                0x08002c78       0x14 Middlewares\Third_Party\FreeRTOS\Source\CMSIS_RTOS\cmsis_os.o
                0x08002c78                osSystickHandler
 .text.vListInitialise
                0x08002c8c       0x16 Middlewares\Third_Party\FreeRTOS\Source\list.o
                0x08002c8c                vListInitialise
 .text.vListInitialiseItem
                0x08002ca2        0x6 Middlewares\Third_Party\FreeRTOS\Source\list.o
                0x08002ca2                vListInitialiseItem
 .text.vListInsertEnd
                0x08002ca8       0x18 Middlewares\Third_Party\FreeRTOS\Source\list.o
                0x08002ca8                vListInsertEnd
 .text.vListInsert
                0x08002cc0       0x2e Middlewares\Third_Party\FreeRTOS\Source\list.o
                0x08002cc0                vListInsert
 .text.uxListRemove
                0x08002cee       0x20 Middlewares\Third_Party\FreeRTOS\Source\list.o
                0x08002cee                uxListRemove
 *fill*         0x08002d0e        0x2 
 .text.prvTaskExitError
                0x08002d10       0x30 Middlewares\Third_Party\FreeRTOS\Source\portable\GCC\ARM_CM4F\port.o
 .text.prvPortStartFirstTask
                0x08002d40       0x20 Middlewares\Third_Party\FreeRTOS\Source\portable\GCC\ARM_CM4F\port.o
 .text.vPortEnableVFP
                0x08002d60       0x14 Middlewares\Third_Party\FreeRTOS\Source\portable\GCC\ARM_CM4F\port.o
 .text.pxPortInitialiseStack
                0x08002d74       0x2c Middlewares\Third_Party\FreeRTOS\Source\portable\GCC\ARM_CM4F\port.o
                0x08002d74                pxPortInitialiseStack
 .text.SVC_Handler
                0x08002da0       0x24 Middlewares\Third_Party\FreeRTOS\Source\portable\GCC\ARM_CM4F\port.o
                0x08002da0                SVC_Handler
 .text.vPortEnterCritical
                0x08002dc4       0x44 Middlewares\Third_Party\FreeRTOS\Source\portable\GCC\ARM_CM4F\port.o
                0x08002dc4                vPortEnterCritical
 .text.vPortExitCritical
                0x08002e08       0x28 Middlewares\Third_Party\FreeRTOS\Source\portable\GCC\ARM_CM4F\port.o
                0x08002e08                vPortExitCritical
 .text.PendSV_Handler
                0x08002e30       0x64 Middlewares\Third_Party\FreeRTOS\Source\portable\GCC\ARM_CM4F\port.o
                0x08002e30                PendSV_Handler
 .text.xPortSysTickHandler
                0x08002e94       0x2c Middlewares\Third_Party\FreeRTOS\Source\portable\GCC\ARM_CM4F\port.o
                0x08002e94                xPortSysTickHandler
 .text.vPortSetupTimerInterrupt
                0x08002ec0       0x28 Middlewares\Third_Party\FreeRTOS\Source\portable\GCC\ARM_CM4F\port.o
                0x08002ec0                vPortSetupTimerInterrupt
 .text.xPortStartScheduler
                0x08002ee8       0xec Middlewares\Third_Party\FreeRTOS\Source\portable\GCC\ARM_CM4F\port.o
                0x08002ee8                xPortStartScheduler
 .text.unlikely.prvInsertBlockIntoFreeList
                0x08002fd4       0x48 Middlewares\Third_Party\FreeRTOS\Source\portable\MemMang\heap_4.o
 .text.pvPortMalloc
                0x0800301c      0x11c Middlewares\Third_Party\FreeRTOS\Source\portable\MemMang\heap_4.o
                0x0800301c                pvPortMalloc
 .text.vPortFree
                0x08003138       0x70 Middlewares\Third_Party\FreeRTOS\Source\portable\MemMang\heap_4.o
                0x08003138                vPortFree
 .text.prvResetNextTaskUnblockTime
                0x080031a8       0x24 Middlewares\Third_Party\FreeRTOS\Source\tasks.o
 .text.prvAddCurrentTaskToDelayedList
                0x080031cc       0x8c Middlewares\Third_Party\FreeRTOS\Source\tasks.o
 .text.xTaskCreate
                0x08003258      0x1a0 Middlewares\Third_Party\FreeRTOS\Source\tasks.o
                0x08003258                xTaskCreate
 .text.vTaskStartScheduler
                0x080033f8       0x78 Middlewares\Third_Party\FreeRTOS\Source\tasks.o
                0x080033f8                vTaskStartScheduler
 .text.vTaskSuspendAll
                0x08003470       0x10 Middlewares\Third_Party\FreeRTOS\Source\tasks.o
                0x08003470                vTaskSuspendAll
 .text.xTaskIncrementTick
                0x08003480      0x124 Middlewares\Third_Party\FreeRTOS\Source\tasks.o
                0x08003480                xTaskIncrementTick
 .text.xTaskResumeAll
                0x080035a4       0xf0 Middlewares\Third_Party\FreeRTOS\Source\tasks.o
                0x080035a4                xTaskResumeAll
 .text.vTaskDelay
                0x08003694       0x48 Middlewares\Third_Party\FreeRTOS\Source\tasks.o
                0x08003694                vTaskDelay
 .text.prvIdleTask
                0x080036dc       0x74 Middlewares\Third_Party\FreeRTOS\Source\tasks.o
 .text.vTaskSwitchContext
                0x08003750       0x74 Middlewares\Third_Party\FreeRTOS\Source\tasks.o
                0x08003750                vTaskSwitchContext
 .text.xTaskGetSchedulerState
                0x080037c4       0x20 Middlewares\Third_Party\FreeRTOS\Source\tasks.o
                0x080037c4                xTaskGetSchedulerState
 .text.MX_ADC1_Init
                0x080037e4       0x88 Src\adc.o
                0x080037e4                MX_ADC1_Init
 .text.HAL_ADC_MspInit
                0x0800386c       0x68 Src\adc.o
                0x0800386c                HAL_ADC_MspInit
 .text.MX_DMA_Init
                0x080038d4       0x30 Src\dma.o
                0x080038d4                MX_DMA_Init
 .text._Error_Handler
                0x08003904        0x2 Src\error_handler.o
                0x08003904                _Error_Handler
 .text.StartDefaultTask
                0x08003906        0xa Src\freertos.o
                0x08003906                StartDefaultTask
 .text.MX_FREERTOS_Init
                0x08003910       0x28 Src\freertos.o
                0x08003910                MX_FREERTOS_Init
 .text.MX_GPIO_Init
                0x08003938      0x1ac Src\gpio.o
                0x08003938                MX_GPIO_Init
 .text.main     0x08003ae4       0x2a Src\main.o
                0x08003ae4                main
 *fill*         0x08003b0e        0x2 
 .text._Z18SystemClock_Configv
                0x08003b10       0xe0 Src\main.o
                0x08003b10                SystemClock_Config()
 .text.HAL_TIM_PeriodElapsedCallback
                0x08003bf0       0x24 Src\main.o
                0x08003bf0                HAL_TIM_PeriodElapsedCallback
 .text.MX_SPI2_Init
                0x08003c14       0x54 Src\spi.o
                0x08003c14                MX_SPI2_Init
 .text.HAL_SPI_MspInit
                0x08003c68       0x68 Src\spi.o
                0x08003c68                HAL_SPI_MspInit
 .text.HAL_MspInit
                0x08003cd0       0x7c Src\stm32f3xx_hal_msp.o
                0x08003cd0                HAL_MspInit
 .text.HAL_InitTick
                0x08003d4c       0x78 Src\stm32f3xx_hal_timebase_TIM.o
                0x08003d4c                HAL_InitTick
 .text.SysTick_Handler
                0x08003dc4        0x4 Src\stm32f3xx_it.o
                0x08003dc4                SysTick_Handler
 .text.TIM6_DAC_IRQHandler
                0x08003dc8        0xc Src\stm32f3xx_it.o
                0x08003dc8                TIM6_DAC_IRQHandler
 .text.DMA2_Channel5_IRQHandler
                0x08003dd4        0xc Src\stm32f3xx_it.o
                0x08003dd4                DMA2_Channel5_IRQHandler
 .text.SystemInit
                0x08003de0       0x68 Src\system_stm32f3xx.o
                0x08003de0                SystemInit
 .text.MX_UART4_Init
                0x08003e48       0x44 Src\usart.o
                0x08003e48                MX_UART4_Init
 .text.HAL_UART_MspInit
                0x08003e8c       0x88 Src\usart.o
                0x08003e8c                HAL_UART_MspInit
 .text.Reset_Handler
                0x08003f14       0x50 startup\startup_stm32f303xc.o
                0x08003f14                Reset_Handler
 .text.Default_Handler
                0x08003f64        0x2 startup\startup_stm32f303xc.o
                0x08003f64                RTC_Alarm_IRQHandler
                0x08003f64                TIM8_TRG_COM_IRQHandler
                0x08003f64                TIM8_CC_IRQHandler
                0x08003f64                DebugMon_Handler
                0x08003f64                TIM1_CC_IRQHandler
                0x08003f64                HardFault_Handler
                0x08003f64                USB_HP_IRQHandler
                0x08003f64                PVD_IRQHandler
                0x08003f64                TAMP_STAMP_IRQHandler
                0x08003f64                NMI_Handler
                0x08003f64                EXTI3_IRQHandler
                0x08003f64                USB_HP_CAN_TX_IRQHandler
                0x08003f64                EXTI0_IRQHandler
                0x08003f64                I2C2_EV_IRQHandler
                0x08003f64                FPU_IRQHandler
                0x08003f64                TIM1_UP_TIM16_IRQHandler
                0x08003f64                UsageFault_Handler
                0x08003f64                ADC1_2_IRQHandler
                0x08003f64                SPI1_IRQHandler
                0x08003f64                CAN_SCE_IRQHandler
                0x08003f64                TIM8_UP_IRQHandler
                0x08003f64                DMA2_Channel2_IRQHandler
                0x08003f64                DMA1_Channel4_IRQHandler
                0x08003f64                USART3_IRQHandler
                0x08003f64                DMA1_Channel7_IRQHandler
                0x08003f64                UART5_IRQHandler
                0x08003f64                ADC3_IRQHandler
                0x08003f64                TIM4_IRQHandler
                0x08003f64                CAN_RX1_IRQHandler
                0x08003f64                DMA2_Channel1_IRQHandler
                0x08003f64                I2C1_EV_IRQHandler
                0x08003f64                DMA1_Channel6_IRQHandler
                0x08003f64                UART4_IRQHandler
                0x08003f64                DMA2_Channel4_IRQHandler
                0x08003f64                TIM3_IRQHandler
                0x08003f64                RCC_IRQHandler
                0x08003f64                DMA1_Channel1_IRQHandler
                0x08003f64                Default_Handler
                0x08003f64                USBWakeUp_RMP_IRQHandler
                0x08003f64                EXTI15_10_IRQHandler
                0x08003f64                TIM7_IRQHandler
                0x08003f64                EXTI9_5_IRQHandler
                0x08003f64                RTC_WKUP_IRQHandler
                0x08003f64                SPI2_IRQHandler
                0x08003f64                USB_LP_CAN_RX0_IRQHandler
                0x08003f64                MemManage_Handler
                0x08003f64                DMA1_Channel5_IRQHandler
                0x08003f64                USB_LP_IRQHandler
                0x08003f64                EXTI4_IRQHandler
                0x08003f64                TIM1_TRG_COM_TIM17_IRQHandler
                0x08003f64                DMA1_Channel3_IRQHandler
                0x08003f64                ADC4_IRQHandler
                0x08003f64                WWDG_IRQHandler
                0x08003f64                TIM2_IRQHandler
                0x08003f64                COMP7_IRQHandler
                0x08003f64                COMP1_2_3_IRQHandler
                0x08003f64                EXTI1_IRQHandler
                0x08003f64                USART2_IRQHandler
                0x08003f64                COMP4_5_6_IRQHandler
                0x08003f64                I2C2_ER_IRQHandler
                0x08003f64                DMA1_Channel2_IRQHandler
                0x08003f64                TIM8_BRK_IRQHandler
                0x08003f64                FLASH_IRQHandler
                0x08003f64                BusFault_Handler
                0x08003f64                USART1_IRQHandler
                0x08003f64                SPI3_IRQHandler
                0x08003f64                I2C1_ER_IRQHandler
                0x08003f64                USBWakeUp_IRQHandler
                0x08003f64                DMA2_Channel3_IRQHandler
                0x08003f64                EXTI2_TSC_IRQHandler
                0x08003f64                TIM1_BRK_TIM15_IRQHandler
 *fill*         0x08003f66        0x2 
 .text.__libc_init_array
                0x08003f68       0x48 c:/program files (x86)/atollic/truestudio for stm32 9.0.0/armtools/bin/../lib/gcc/arm-atollic-eabi/6.3.1/../../../../arm-atollic-eabi/lib/armv7e-m/fpu\libc.a(lib_a-init.o)
                0x08003f68                __libc_init_array
 .text.memcpy   0x08003fb0       0x16 c:/program files (x86)/atollic/truestudio for stm32 9.0.0/armtools/bin/../lib/gcc/arm-atollic-eabi/6.3.1/../../../../arm-atollic-eabi/lib/armv7e-m/fpu\libc.a(lib_a-memcpy-stub.o)
                0x08003fb0                memcpy
 .text.abort    0x08003fc6        0xe c:/program files (x86)/atollic/truestudio for stm32 9.0.0/armtools/bin/../lib/gcc/arm-atollic-eabi/6.3.1/../../../../arm-atollic-eabi/lib/armv7e-m/fpu\libc.a(lib_a-abort.o)
                0x08003fc6                abort
 .text._raise_r
                0x08003fd4       0x50 c:/program files (x86)/atollic/truestudio for stm32 9.0.0/armtools/bin/../lib/gcc/arm-atollic-eabi/6.3.1/../../../../arm-atollic-eabi/lib/armv7e-m/fpu\libc.a(lib_a-signal.o)
                0x08003fd4                _raise_r
 .text.raise    0x08004024       0x10 c:/program files (x86)/atollic/truestudio for stm32 9.0.0/armtools/bin/../lib/gcc/arm-atollic-eabi/6.3.1/../../../../arm-atollic-eabi/lib/armv7e-m/fpu\libc.a(lib_a-signal.o)
                0x08004024                raise
 .text._kill_r  0x08004034       0x24 c:/program files (x86)/atollic/truestudio for stm32 9.0.0/armtools/bin/../lib/gcc/arm-atollic-eabi/6.3.1/../../../../arm-atollic-eabi/lib/armv7e-m/fpu\libc.a(lib_a-signalr.o)
                0x08004034                _kill_r
 .text._getpid_r
                0x08004058        0x4 c:/program files (x86)/atollic/truestudio for stm32 9.0.0/armtools/bin/../lib/gcc/arm-atollic-eabi/6.3.1/../../../../arm-atollic-eabi/lib/armv7e-m/fpu\libc.a(lib_a-signalr.o)
                0x08004058                _getpid_r
 .text._getpid  0x0800405c       0x10 c:/program files (x86)/atollic/truestudio for stm32 9.0.0/armtools/bin/../lib/gcc/arm-atollic-eabi/6.3.1/../../../../arm-atollic-eabi/lib/armv7e-m/fpu\libnosys.a(getpid.o)
                0x0800405c                _getpid
 .text._kill    0x0800406c       0x10 c:/program files (x86)/atollic/truestudio for stm32 9.0.0/armtools/bin/../lib/gcc/arm-atollic-eabi/6.3.1/../../../../arm-atollic-eabi/lib/armv7e-m/fpu\libnosys.a(kill.o)
                0x0800406c                _kill
 .text._exit    0x0800407c        0x2 c:/program files (x86)/atollic/truestudio for stm32 9.0.0/armtools/bin/../lib/gcc/arm-atollic-eabi/6.3.1/../../../../arm-atollic-eabi/lib/armv7e-m/fpu\libnosys.a(_exit.o)
                0x0800407c                _exit
 *(.glue_7)
 .glue_7        0x0800407e        0x0 linker stubs
 *(.glue_7t)
 .glue_7t       0x0800407e        0x0 linker stubs
 *(.eh_frame)
 *fill*         0x0800407e        0x2 
 .eh_frame      0x08004080        0x0 c:/program files (x86)/atollic/truestudio for stm32 9.0.0/armtools/bin/../lib/gcc/arm-atollic-eabi/6.3.1/armv7e-m/fpu/crtbegin.o
 *(.init)
 .init          0x08004080        0x4 c:/program files (x86)/atollic/truestudio for stm32 9.0.0/armtools/bin/../lib/gcc/arm-atollic-eabi/6.3.1/armv7e-m/fpu/crti.o
                0x08004080                _init
 .init          0x08004084        0x8 c:/program files (x86)/atollic/truestudio for stm32 9.0.0/armtools/bin/../lib/gcc/arm-atollic-eabi/6.3.1/armv7e-m/fpu/crtn.o
 *(.fini)
 .fini          0x0800408c        0x4 c:/program files (x86)/atollic/truestudio for stm32 9.0.0/armtools/bin/../lib/gcc/arm-atollic-eabi/6.3.1/armv7e-m/fpu/crti.o
                0x0800408c                _fini
 .fini          0x08004090        0x8 c:/program files (x86)/atollic/truestudio for stm32 9.0.0/armtools/bin/../lib/gcc/arm-atollic-eabi/6.3.1/armv7e-m/fpu/crtn.o
                0x08004098                . = ALIGN (0x4)
                0x08004098                _etext = .

.vfp11_veneer   0x08004098        0x0
 .vfp11_veneer  0x08004098        0x0 linker stubs

.v4_bx          0x08004098        0x0
 .v4_bx         0x08004098        0x0 linker stubs

.iplt           0x08004098        0x0
 .iplt          0x08004098        0x0 c:/program files (x86)/atollic/truestudio for stm32 9.0.0/armtools/bin/../lib/gcc/arm-atollic-eabi/6.3.1/armv7e-m/fpu/crtbegin.o

.rodata         0x08004098       0x9c
                0x08004098                . = ALIGN (0x4)
 *(.rodata)
 .rodata        0x08004098       0x14 Src\freertos.o
 .rodata        0x080040ac       0x10 Src\main.o
 *(.rodata*)
 .rodata.aPLLMULFactorTable
                0x080040bc       0x10 Drivers\STM32F3xx_HAL_Driver\Src\stm32f3xx_hal_rcc.o
                0x080040bc                aPLLMULFactorTable
 .rodata.aPredivFactorTable
                0x080040cc       0x10 Drivers\STM32F3xx_HAL_Driver\Src\stm32f3xx_hal_rcc.o
                0x080040cc                aPredivFactorTable
 .rodata.CSWTCH.45
                0x080040dc        0x4 Drivers\STM32F3xx_HAL_Driver\Src\stm32f3xx_hal_uart.o
 .rodata.vTaskStartScheduler.str1.1
                0x080040e0        0x5 Middlewares\Third_Party\FreeRTOS\Source\tasks.o
 .rodata.MX_ADC1_Init.str1.1
                0x080040e5        0xd Src\adc.o
 .rodata.str1.1
                0x080040f2        0xc Src\freertos.o
 .rodata.MX_SPI2_Init.str1.1
                0x080040fe        0xd Src\spi.o
 .rodata.AHBPrescTable
                0x0800410b       0x10 Src\system_stm32f3xx.o
                0x0800410b                AHBPrescTable
 .rodata.APBPrescTable
                0x0800411b        0x8 Src\system_stm32f3xx.o
                0x0800411b                APBPrescTable
 .rodata.MX_UART4_Init.str1.1
                0x08004123        0xf Src\usart.o
                0x08004134                . = ALIGN (0x4)
 *fill*         0x08004132        0x2 

.ARM.extab      0x08004134       0x30
 *(.ARM.extab* .gnu.linkonce.armextab.*)
 .ARM.extab.text._Z18SystemClock_Configv
                0x08004134        0xc Src\main.o
 .ARM.extab.text.HAL_TIM_PeriodElapsedCallback
                0x08004140        0xc Src\main.o
 .ARM.extab     0x0800414c       0x18 c:/program files (x86)/atollic/truestudio for stm32 9.0.0/armtools/bin/../lib/gcc/arm-atollic-eabi/6.3.1/armv7e-m/fpu\libgcc.a(pr-support.o)

.ARM            0x08004164       0xd8
                0x08004164                __exidx_start = .
 *(.ARM.exidx*)
 .ARM.exidx.text.main
                0x0800421c        0x8 Src\main.o
 .ARM.exidx.text._Z18SystemClock_Configv
                0x08004224        0x8 Src\main.o
 .ARM.exidx.text.HAL_TIM_PeriodElapsedCallback
                0x0800422c       0x10 Src\main.o
                                  0x8 (size before relaxing)
 .ARM.exidx     0x08004164       0x80 c:/program files (x86)/atollic/truestudio for stm32 9.0.0/armtools/bin/../lib/gcc/arm-atollic-eabi/6.3.1/armv7e-m/fpu\libgcc.a(unwind-arm.o)
                                 0xd8 (size before relaxing)
 .ARM.exidx     0x080041e4       0x38 c:/program files (x86)/atollic/truestudio for stm32 9.0.0/armtools/bin/../lib/gcc/arm-atollic-eabi/6.3.1/armv7e-m/fpu\libgcc.a(pr-support.o)
                                 0x48 (size before relaxing)
                0x0800423c                __exidx_end = .

.rel.dyn        0x0800423c        0x0
 .rel.iplt      0x0800423c        0x0 c:/program files (x86)/atollic/truestudio for stm32 9.0.0/armtools/bin/../lib/gcc/arm-atollic-eabi/6.3.1/armv7e-m/fpu/crtbegin.o

.preinit_array  0x0800423c        0x0
                0x0800423c                PROVIDE (__preinit_array_start, .)
 *(.preinit_array*)
                0x0800423c                PROVIDE (__preinit_array_end, .)

.init_array     0x0800423c        0x4
                0x0800423c                PROVIDE (__init_array_start, .)
 *(SORT(.init_array.*))
 *(.init_array*)
 .init_array    0x0800423c        0x4 c:/program files (x86)/atollic/truestudio for stm32 9.0.0/armtools/bin/../lib/gcc/arm-atollic-eabi/6.3.1/armv7e-m/fpu/crtbegin.o
                0x08004240                PROVIDE (__init_array_end, .)

.fini_array     0x08004240        0x4
                [!provide]                PROVIDE (__fini_array_start, .)
 *(SORT(.fini_array.*))
 *(.fini_array*)
 .fini_array    0x08004240        0x4 c:/program files (x86)/atollic/truestudio for stm32 9.0.0/armtools/bin/../lib/gcc/arm-atollic-eabi/6.3.1/armv7e-m/fpu/crtbegin.o
                [!provide]                PROVIDE (__fini_array_end, .)
                0x08004244                _sidata = LOADADDR (.data)

.data           0x20000000      0x100 load address 0x08004244
                0x20000000                . = ALIGN (0x4)
                0x20000000                _sdata = .
 *(.data)
 *(.data*)
 .data.uwTickFreq
                0x20000000        0x1 Drivers\STM32F3xx_HAL_Driver\Src\stm32f3xx_hal.o
                0x20000000                uwTickFreq
 *fill*         0x20000001        0x3 
 .data.uxCriticalNesting
                0x20000004        0x4 Middlewares\Third_Party\FreeRTOS\Source\portable\GCC\ARM_CM4F\port.o
 .data.SystemCoreClock
                0x20000008        0x4 Src\system_stm32f3xx.o
                0x20000008                SystemCoreClock
 .data._impure_ptr
                0x2000000c        0x4 c:/program files (x86)/atollic/truestudio for stm32 9.0.0/armtools/bin/../lib/gcc/arm-atollic-eabi/6.3.1/../../../../arm-atollic-eabi/lib/armv7e-m/fpu\libc.a(lib_a-impure.o)
                0x2000000c                _impure_ptr
 .data.impure_data
                0x20000010       0xf0 c:/program files (x86)/atollic/truestudio for stm32 9.0.0/armtools/bin/../lib/gcc/arm-atollic-eabi/6.3.1/../../../../arm-atollic-eabi/lib/armv7e-m/fpu\libc.a(lib_a-impure.o)
                0x20000100                . = ALIGN (0x4)
                0x20000100                _edata = .
                0x08004344                _siccmram = LOADADDR (.ccmram)

.igot.plt       0x20000100        0x0 load address 0x08004344
 .igot.plt      0x20000100        0x0 c:/program files (x86)/atollic/truestudio for stm32 9.0.0/armtools/bin/../lib/gcc/arm-atollic-eabi/6.3.1/armv7e-m/fpu/crtbegin.o

.ccmram         0x10000000        0x0 load address 0x08004344
                0x10000000                . = ALIGN (0x4)
                0x10000000                _sccmram = .
 *(.ccmram)
 *(.ccmram*)
                0x10000000                . = ALIGN (0x4)
                0x10000000                _eccmram = .
                0x10000000                . = ALIGN (0x4)

.bss            0x20000100      0xf20
                0x20000100                _sbss = .
                0x20000100                __bss_start__ = _sbss
 *(.bss)
 .bss           0x20000100       0x1c c:/program files (x86)/atollic/truestudio for stm32 9.0.0/armtools/bin/../lib/gcc/arm-atollic-eabi/6.3.1/armv7e-m/fpu/crtbegin.o
 *(.bss*)
 .bss.ucMaxSysCallPriority
                0x2000011c        0x1 Middlewares\Third_Party\FreeRTOS\Source\portable\GCC\ARM_CM4F\port.o
 *fill*         0x2000011d        0x3 
 .bss.ulMaxPRIGROUPValue
                0x20000120        0x4 Middlewares\Third_Party\FreeRTOS\Source\portable\GCC\ARM_CM4F\port.o
 .bss.pxEnd     0x20000124        0x4 Middlewares\Third_Party\FreeRTOS\Source\portable\MemMang\heap_4.o
 .bss.ucHeap    0x20000128      0xc00 Middlewares\Third_Party\FreeRTOS\Source\portable\MemMang\heap_4.o
 .bss.xBlockAllocatedBit
                0x20000d28        0x4 Middlewares\Third_Party\FreeRTOS\Source\portable\MemMang\heap_4.o
 .bss.xFreeBytesRemaining
                0x20000d2c        0x4 Middlewares\Third_Party\FreeRTOS\Source\portable\MemMang\heap_4.o
 .bss.xMinimumEverFreeBytesRemaining
                0x20000d30        0x4 Middlewares\Third_Party\FreeRTOS\Source\portable\MemMang\heap_4.o
 .bss.xStart    0x20000d34        0x8 Middlewares\Third_Party\FreeRTOS\Source\portable\MemMang\heap_4.o
 .bss.pxCurrentTCB
                0x20000d3c        0x4 Middlewares\Third_Party\FreeRTOS\Source\tasks.o
                0x20000d3c                pxCurrentTCB
 .bss.pxDelayedTaskList
                0x20000d40        0x4 Middlewares\Third_Party\FreeRTOS\Source\tasks.o
 .bss.pxOverflowDelayedTaskList
                0x20000d44        0x4 Middlewares\Third_Party\FreeRTOS\Source\tasks.o
 .bss.pxReadyTasksLists
                0x20000d48       0x8c Middlewares\Third_Party\FreeRTOS\Source\tasks.o
 .bss.uxCurrentNumberOfTasks
                0x20000dd4        0x4 Middlewares\Third_Party\FreeRTOS\Source\tasks.o
 .bss.uxDeletedTasksWaitingCleanUp
                0x20000dd8        0x4 Middlewares\Third_Party\FreeRTOS\Source\tasks.o
 .bss.uxPendedTicks
                0x20000ddc        0x4 Middlewares\Third_Party\FreeRTOS\Source\tasks.o
 .bss.uxSchedulerSuspended
                0x20000de0        0x4 Middlewares\Third_Party\FreeRTOS\Source\tasks.o
 .bss.uxTaskNumber
                0x20000de4        0x4 Middlewares\Third_Party\FreeRTOS\Source\tasks.o
 .bss.uxTopReadyPriority
                0x20000de8        0x4 Middlewares\Third_Party\FreeRTOS\Source\tasks.o
 .bss.xDelayedTaskList1
                0x20000dec       0x14 Middlewares\Third_Party\FreeRTOS\Source\tasks.o
 .bss.xDelayedTaskList2
                0x20000e00       0x14 Middlewares\Third_Party\FreeRTOS\Source\tasks.o
 .bss.xIdleTaskHandle
                0x20000e14        0x4 Middlewares\Third_Party\FreeRTOS\Source\tasks.o
 .bss.xNextTaskUnblockTime
                0x20000e18        0x4 Middlewares\Third_Party\FreeRTOS\Source\tasks.o
 .bss.xNumOfOverflows
                0x20000e1c        0x4 Middlewares\Third_Party\FreeRTOS\Source\tasks.o
 .bss.xPendingReadyList
                0x20000e20       0x14 Middlewares\Third_Party\FreeRTOS\Source\tasks.o
 .bss.xSchedulerRunning
                0x20000e34        0x4 Middlewares\Third_Party\FreeRTOS\Source\tasks.o
 .bss.xSuspendedTaskList
                0x20000e38       0x14 Middlewares\Third_Party\FreeRTOS\Source\tasks.o
 .bss.xTasksWaitingTermination
                0x20000e4c       0x14 Middlewares\Third_Party\FreeRTOS\Source\tasks.o
 .bss.xTickCount
                0x20000e60        0x4 Middlewares\Third_Party\FreeRTOS\Source\tasks.o
 .bss.xYieldPending
                0x20000e64        0x4 Middlewares\Third_Party\FreeRTOS\Source\tasks.o
 *(COMMON)
 COMMON         0x20000e68        0x4 Drivers\STM32F3xx_HAL_Driver\Src\stm32f3xx_hal.o
                0x20000e68                uwTick
 COMMON         0x20000e6c       0x54 Src\adc.o
                0x20000e6c                hadc1
 COMMON         0x20000ec0        0x4 Src\freertos.o
                0x20000ec0                defaultTaskHandle
 COMMON         0x20000ec4       0x64 Src\spi.o
                0x20000ec4                hspi2
 COMMON         0x20000f28       0x40 Src\stm32f3xx_hal_timebase_TIM.o
                0x20000f28                htim6
 COMMON         0x20000f68       0xb4 Src\usart.o
                0x20000f68                huart4
                0x20000fd8                hdma_uart4_tx
 COMMON         0x2000101c        0x4 c:/program files (x86)/atollic/truestudio for stm32 9.0.0/armtools/bin/../lib/gcc/arm-atollic-eabi/6.3.1/../../../../arm-atollic-eabi/lib/armv7e-m/fpu\libc.a(lib_a-reent.o)
                0x2000101c                errno
                0x20001020                . = ALIGN (0x4)
                0x20001020                _ebss = .
                0x20001020                __bss_end__ = _ebss

._user_heap_stack
                0x20001020      0x600
                0x20001020                . = ALIGN (0x4)
                0x20001020                PROVIDE (end, .)
                [!provide]                PROVIDE (_end, .)
                0x20001220                . = (. + _Min_Heap_Size)
 *fill*         0x20001020      0x200 
                0x20001620                . = (. + _Min_Stack_Size)
 *fill*         0x20001220      0x400 
                0x20001620                . = ALIGN (0x4)

/DISCARD/
 libc.a(*)
 libm.a(*)
 libgcc.a(*)

.ARM.attributes
                0x00000000       0x30
 *(.ARM.attributes)
 .ARM.attributes
                0x00000000       0x22 c:/program files (x86)/atollic/truestudio for stm32 9.0.0/armtools/bin/../lib/gcc/arm-atollic-eabi/6.3.1/armv7e-m/fpu/crti.o
 .ARM.attributes
                0x00000022       0x34 c:/program files (x86)/atollic/truestudio for stm32 9.0.0/armtools/bin/../lib/gcc/arm-atollic-eabi/6.3.1/armv7e-m/fpu/crtbegin.o
 .ARM.attributes
                0x00000056       0x39 Drivers\STM32F3xx_HAL_Driver\Src\stm32f3xx_hal.o
 .ARM.attributes
                0x0000008f       0x39 Drivers\STM32F3xx_HAL_Driver\Src\stm32f3xx_hal_adc_ex.o
 .ARM.attributes
                0x000000c8       0x39 Drivers\STM32F3xx_HAL_Driver\Src\stm32f3xx_hal_cortex.o
 .ARM.attributes
                0x00000101       0x39 Drivers\STM32F3xx_HAL_Driver\Src\stm32f3xx_hal_dma.o
 .ARM.attributes
                0x0000013a       0x39 Drivers\STM32F3xx_HAL_Driver\Src\stm32f3xx_hal_gpio.o
 .ARM.attributes
                0x00000173       0x39 Drivers\STM32F3xx_HAL_Driver\Src\stm32f3xx_hal_rcc.o
 .ARM.attributes
                0x000001ac       0x39 Drivers\STM32F3xx_HAL_Driver\Src\stm32f3xx_hal_rcc_ex.o
 .ARM.attributes
                0x000001e5       0x39 Drivers\STM32F3xx_HAL_Driver\Src\stm32f3xx_hal_spi.o
 .ARM.attributes
                0x0000021e       0x39 Drivers\STM32F3xx_HAL_Driver\Src\stm32f3xx_hal_tim.o
 .ARM.attributes
                0x00000257       0x39 Drivers\STM32F3xx_HAL_Driver\Src\stm32f3xx_hal_tim_ex.o
 .ARM.attributes
                0x00000290       0x39 Drivers\STM32F3xx_HAL_Driver\Src\stm32f3xx_hal_uart.o
 .ARM.attributes
                0x000002c9       0x39 Middlewares\Third_Party\FreeRTOS\Source\CMSIS_RTOS\cmsis_os.o
 .ARM.attributes
                0x00000302       0x39 Middlewares\Third_Party\FreeRTOS\Source\list.o
 .ARM.attributes
                0x0000033b       0x39 Middlewares\Third_Party\FreeRTOS\Source\portable\GCC\ARM_CM4F\port.o
 .ARM.attributes
                0x00000374       0x39 Middlewares\Third_Party\FreeRTOS\Source\portable\MemMang\heap_4.o
 .ARM.attributes
                0x000003ad       0x39 Middlewares\Third_Party\FreeRTOS\Source\tasks.o
 .ARM.attributes
                0x000003e6       0x39 Src\adc.o
 .ARM.attributes
                0x0000041f       0x39 Src\dma.o
 .ARM.attributes
                0x00000458       0x39 Src\error_handler.o
 .ARM.attributes
                0x00000491       0x39 Src\freertos.o
 .ARM.attributes
                0x000004ca       0x39 Src\gpio.o
 .ARM.attributes
                0x00000503       0x39 Src\main.o
 .ARM.attributes
                0x0000053c       0x39 Src\spi.o
 .ARM.attributes
                0x00000575       0x39 Src\stm32f3xx_hal_msp.o
 .ARM.attributes
                0x000005ae       0x39 Src\stm32f3xx_hal_timebase_TIM.o
 .ARM.attributes
                0x000005e7       0x39 Src\stm32f3xx_it.o
 .ARM.attributes
                0x00000620       0x39 Src\system_stm32f3xx.o
 .ARM.attributes
                0x00000659       0x39 Src\usart.o
 .ARM.attributes
                0x00000692       0x21 startup\startup_stm32f303xc.o
 .ARM.attributes
                0x000006b3       0x34 c:/program files (x86)/atollic/truestudio for stm32 9.0.0/armtools/bin/../lib/gcc/arm-atollic-eabi/6.3.1/../../../../arm-atollic-eabi/lib/armv7e-m/fpu\libc.a(lib_a-init.o)
 .ARM.attributes
                0x000006e7       0x22 c:/program files (x86)/atollic/truestudio for stm32 9.0.0/armtools/bin/../lib/gcc/arm-atollic-eabi/6.3.1/armv7e-m/fpu/crtn.o
OUTPUT(IrrigationModule.elf elf32-littlearm)

.debug_info     0x00000000    0x24e39
 .debug_info    0x00000000     0x10b5 Drivers\STM32F3xx_HAL_Driver\Src\stm32f3xx_hal.o
 .debug_info    0x000010b5     0x2292 Drivers\STM32F3xx_HAL_Driver\Src\stm32f3xx_hal_adc_ex.o
 .debug_info    0x00003347     0x16c7 Drivers\STM32F3xx_HAL_Driver\Src\stm32f3xx_hal_cortex.o
 .debug_info    0x00004a0e     0x1052 Drivers\STM32F3xx_HAL_Driver\Src\stm32f3xx_hal_dma.o
 .debug_info    0x00005a60      0xefb Drivers\STM32F3xx_HAL_Driver\Src\stm32f3xx_hal_gpio.o
 .debug_info    0x0000695b     0x1b1a Drivers\STM32F3xx_HAL_Driver\Src\stm32f3xx_hal_rcc.o
 .debug_info    0x00008475      0xf11 Drivers\STM32F3xx_HAL_Driver\Src\stm32f3xx_hal_rcc_ex.o
 .debug_info    0x00009386     0x280c Drivers\STM32F3xx_HAL_Driver\Src\stm32f3xx_hal_spi.o
 .debug_info    0x0000bb92     0x3d29 Drivers\STM32F3xx_HAL_Driver\Src\stm32f3xx_hal_tim.o
 .debug_info    0x0000f8bb     0x1d65 Drivers\STM32F3xx_HAL_Driver\Src\stm32f3xx_hal_tim_ex.o
 .debug_info    0x00011620     0x223a Drivers\STM32F3xx_HAL_Driver\Src\stm32f3xx_hal_uart.o
 .debug_info    0x0001385a     0x251d Middlewares\Third_Party\FreeRTOS\Source\CMSIS_RTOS\cmsis_os.o
 .debug_info    0x00015d77      0xad9 Middlewares\Third_Party\FreeRTOS\Source\list.o
 .debug_info    0x00016850      0x531 Middlewares\Third_Party\FreeRTOS\Source\portable\GCC\ARM_CM4F\port.o
 .debug_info    0x00016d81      0xcbe Middlewares\Third_Party\FreeRTOS\Source\portable\MemMang\heap_4.o
 .debug_info    0x00017a3f     0x29b0 Middlewares\Third_Party\FreeRTOS\Source\tasks.o
 .debug_info    0x0001a3ef     0x1380 Src\adc.o
 .debug_info    0x0001b76f      0xc4e Src\dma.o
 .debug_info    0x0001c3bd       0x6a Src\error_handler.o
 .debug_info    0x0001c427      0x223 Src\freertos.o
 .debug_info    0x0001c64a      0xde1 Src\gpio.o
 .debug_info    0x0001d42b     0x1c16 Src\main.o
 .debug_info    0x0001f041     0x1141 Src\spi.o
 .debug_info    0x00020182      0xd01 Src\stm32f3xx_hal_msp.o
 .debug_info    0x00020e83     0x1281 Src\stm32f3xx_hal_timebase_TIM.o
 .debug_info    0x00022104      0xe82 Src\stm32f3xx_it.o
 .debug_info    0x00022f86      0xc39 Src\system_stm32f3xx.o
 .debug_info    0x00023bbf     0x11de Src\usart.o
 .debug_info    0x00024d9d       0x9c startup\startup_stm32f303xc.o

.debug_abbrev   0x00000000     0x48c4
 .debug_abbrev  0x00000000      0x2f9 Drivers\STM32F3xx_HAL_Driver\Src\stm32f3xx_hal.o
 .debug_abbrev  0x000002f9      0x34a Drivers\STM32F3xx_HAL_Driver\Src\stm32f3xx_hal_adc_ex.o
 .debug_abbrev  0x00000643      0x37d Drivers\STM32F3xx_HAL_Driver\Src\stm32f3xx_hal_cortex.o
 .debug_abbrev  0x000009c0      0x2b2 Drivers\STM32F3xx_HAL_Driver\Src\stm32f3xx_hal_dma.o
 .debug_abbrev  0x00000c72      0x268 Drivers\STM32F3xx_HAL_Driver\Src\stm32f3xx_hal_gpio.o
 .debug_abbrev  0x00000eda      0x345 Drivers\STM32F3xx_HAL_Driver\Src\stm32f3xx_hal_rcc.o
 .debug_abbrev  0x0000121f      0x329 Drivers\STM32F3xx_HAL_Driver\Src\stm32f3xx_hal_rcc_ex.o
 .debug_abbrev  0x00001548      0x389 Drivers\STM32F3xx_HAL_Driver\Src\stm32f3xx_hal_spi.o
 .debug_abbrev  0x000018d1      0x3ab Drivers\STM32F3xx_HAL_Driver\Src\stm32f3xx_hal_tim.o
 .debug_abbrev  0x00001c7c      0x30d Drivers\STM32F3xx_HAL_Driver\Src\stm32f3xx_hal_tim_ex.o
 .debug_abbrev  0x00001f89      0x384 Drivers\STM32F3xx_HAL_Driver\Src\stm32f3xx_hal_uart.o
 .debug_abbrev  0x0000230d      0x450 Middlewares\Third_Party\FreeRTOS\Source\CMSIS_RTOS\cmsis_os.o
 .debug_abbrev  0x0000275d      0x1e3 Middlewares\Third_Party\FreeRTOS\Source\list.o
 .debug_abbrev  0x00002940      0x211 Middlewares\Third_Party\FreeRTOS\Source\portable\GCC\ARM_CM4F\port.o
 .debug_abbrev  0x00002b51      0x314 Middlewares\Third_Party\FreeRTOS\Source\portable\MemMang\heap_4.o
 .debug_abbrev  0x00002e65      0x419 Middlewares\Third_Party\FreeRTOS\Source\tasks.o
 .debug_abbrev  0x0000327e      0x227 Src\adc.o
 .debug_abbrev  0x000034a5      0x1f5 Src\dma.o
 .debug_abbrev  0x0000369a       0x5c Src\error_handler.o
 .debug_abbrev  0x000036f6      0x131 Src\freertos.o
 .debug_abbrev  0x00003827      0x214 Src\gpio.o
 .debug_abbrev  0x00003a3b      0x226 Src\main.o
 .debug_abbrev  0x00003c61      0x227 Src\spi.o
 .debug_abbrev  0x00003e88      0x1f5 Src\stm32f3xx_hal_msp.o
 .debug_abbrev  0x0000407d      0x258 Src\stm32f3xx_hal_timebase_TIM.o
 .debug_abbrev  0x000042d5      0x1cd Src\stm32f3xx_it.o
 .debug_abbrev  0x000044a2      0x1ca Src\system_stm32f3xx.o
 .debug_abbrev  0x0000466c      0x246 Src\usart.o
 .debug_abbrev  0x000048b2       0x12 startup\startup_stm32f303xc.o

.debug_loc      0x00000000     0xd016
 .debug_loc     0x00000000      0x11b Drivers\STM32F3xx_HAL_Driver\Src\stm32f3xx_hal.o
 .debug_loc     0x0000011b     0x1a4e Drivers\STM32F3xx_HAL_Driver\Src\stm32f3xx_hal_adc_ex.o
 .debug_loc     0x00001b69      0x4fb Drivers\STM32F3xx_HAL_Driver\Src\stm32f3xx_hal_cortex.o
 .debug_loc     0x00002064      0x5a6 Drivers\STM32F3xx_HAL_Driver\Src\stm32f3xx_hal_dma.o
 .debug_loc     0x0000260a      0x2b9 Drivers\STM32F3xx_HAL_Driver\Src\stm32f3xx_hal_gpio.o
 .debug_loc     0x000028c3      0x89d Drivers\STM32F3xx_HAL_Driver\Src\stm32f3xx_hal_rcc.o
 .debug_loc     0x00003160      0x666 Drivers\STM32F3xx_HAL_Driver\Src\stm32f3xx_hal_rcc_ex.o
 .debug_loc     0x000037c6     0x194a Drivers\STM32F3xx_HAL_Driver\Src\stm32f3xx_hal_spi.o
 .debug_loc     0x00005110     0x31c6 Drivers\STM32F3xx_HAL_Driver\Src\stm32f3xx_hal_tim.o
 .debug_loc     0x000082d6      0xeca Drivers\STM32F3xx_HAL_Driver\Src\stm32f3xx_hal_tim_ex.o
 .debug_loc     0x000091a0     0x1431 Drivers\STM32F3xx_HAL_Driver\Src\stm32f3xx_hal_uart.o
 .debug_loc     0x0000a5d1     0x1038 Middlewares\Third_Party\FreeRTOS\Source\CMSIS_RTOS\cmsis_os.o
 .debug_loc     0x0000b609       0x94 Middlewares\Third_Party\FreeRTOS\Source\list.o
 .debug_loc     0x0000b69d       0xcf Middlewares\Third_Party\FreeRTOS\Source\portable\GCC\ARM_CM4F\port.o
 .debug_loc     0x0000b76c      0x390 Middlewares\Third_Party\FreeRTOS\Source\portable\MemMang\heap_4.o
 .debug_loc     0x0000bafc     0x1249 Middlewares\Third_Party\FreeRTOS\Source\tasks.o
 .debug_loc     0x0000cd45       0x4d Src\adc.o
 .debug_loc     0x0000cd92       0x21 Src\freertos.o
 .debug_loc     0x0000cdb3       0x2c Src\gpio.o
 .debug_loc     0x0000cddf       0x4d Src\spi.o
 .debug_loc     0x0000ce2c       0xa5 Src\stm32f3xx_hal_timebase_TIM.o
 .debug_loc     0x0000ced1       0xe2 Src\system_stm32f3xx.o
 .debug_loc     0x0000cfb3       0x63 Src\usart.o

.debug_aranges  0x00000000     0x1158
 .debug_aranges
                0x00000000       0xd8 Drivers\STM32F3xx_HAL_Driver\Src\stm32f3xx_hal.o
 .debug_aranges
                0x000000d8      0x150 Drivers\STM32F3xx_HAL_Driver\Src\stm32f3xx_hal_adc_ex.o
 .debug_aranges
                0x00000228       0xa8 Drivers\STM32F3xx_HAL_Driver\Src\stm32f3xx_hal_cortex.o
 .debug_aranges
                0x000002d0       0x80 Drivers\STM32F3xx_HAL_Driver\Src\stm32f3xx_hal_dma.o
 .debug_aranges
                0x00000350       0x58 Drivers\STM32F3xx_HAL_Driver\Src\stm32f3xx_hal_gpio.o
 .debug_aranges
                0x000003a8       0x88 Drivers\STM32F3xx_HAL_Driver\Src\stm32f3xx_hal_rcc.o
 .debug_aranges
                0x00000430       0x38 Drivers\STM32F3xx_HAL_Driver\Src\stm32f3xx_hal_rcc_ex.o
 .debug_aranges
                0x00000468      0x198 Drivers\STM32F3xx_HAL_Driver\Src\stm32f3xx_hal_spi.o
 .debug_aranges
                0x00000600      0x268 Drivers\STM32F3xx_HAL_Driver\Src\stm32f3xx_hal_tim.o
 .debug_aranges
                0x00000868      0x120 Drivers\STM32F3xx_HAL_Driver\Src\stm32f3xx_hal_tim_ex.o
 .debug_aranges
                0x00000988      0x1a0 Drivers\STM32F3xx_HAL_Driver\Src\stm32f3xx_hal_uart.o
 .debug_aranges
                0x00000b28      0x190 Middlewares\Third_Party\FreeRTOS\Source\CMSIS_RTOS\cmsis_os.o
 .debug_aranges
                0x00000cb8       0x40 Middlewares\Third_Party\FreeRTOS\Source\list.o
 .debug_aranges
                0x00000cf8       0x80 Middlewares\Third_Party\FreeRTOS\Source\portable\GCC\ARM_CM4F\port.o
 .debug_aranges
                0x00000d78       0x48 Middlewares\Third_Party\FreeRTOS\Source\portable\MemMang\heap_4.o
 .debug_aranges
                0x00000dc0      0x170 Middlewares\Third_Party\FreeRTOS\Source\tasks.o
 .debug_aranges
                0x00000f30       0x30 Src\adc.o
 .debug_aranges
                0x00000f60       0x20 Src\dma.o
 .debug_aranges
                0x00000f80       0x20 Src\error_handler.o
 .debug_aranges
                0x00000fa0       0x28 Src\freertos.o
 .debug_aranges
                0x00000fc8       0x28 Src\gpio.o
 .debug_aranges
                0x00000ff0       0x38 Src\main.o
 .debug_aranges
                0x00001028       0x30 Src\spi.o
 .debug_aranges
                0x00001058       0x20 Src\stm32f3xx_hal_msp.o
 .debug_aranges
                0x00001078       0x30 Src\stm32f3xx_hal_timebase_TIM.o
 .debug_aranges
                0x000010a8       0x30 Src\stm32f3xx_it.o
 .debug_aranges
                0x000010d8       0x28 Src\system_stm32f3xx.o
 .debug_aranges
                0x00001100       0x30 Src\usart.o
 .debug_aranges
                0x00001130       0x28 startup\startup_stm32f303xc.o

.debug_ranges   0x00000000     0x1640
 .debug_ranges  0x00000000       0xc8 Drivers\STM32F3xx_HAL_Driver\Src\stm32f3xx_hal.o
 .debug_ranges  0x000000c8      0x140 Drivers\STM32F3xx_HAL_Driver\Src\stm32f3xx_hal_adc_ex.o
 .debug_ranges  0x00000208      0x138 Drivers\STM32F3xx_HAL_Driver\Src\stm32f3xx_hal_cortex.o
 .debug_ranges  0x00000340       0xa8 Drivers\STM32F3xx_HAL_Driver\Src\stm32f3xx_hal_dma.o
 .debug_ranges  0x000003e8       0x68 Drivers\STM32F3xx_HAL_Driver\Src\stm32f3xx_hal_gpio.o
 .debug_ranges  0x00000450      0x1d8 Drivers\STM32F3xx_HAL_Driver\Src\stm32f3xx_hal_rcc.o
 .debug_ranges  0x00000628       0x90 Drivers\STM32F3xx_HAL_Driver\Src\stm32f3xx_hal_rcc_ex.o
 .debug_ranges  0x000006b8      0x248 Drivers\STM32F3xx_HAL_Driver\Src\stm32f3xx_hal_spi.o
 .debug_ranges  0x00000900      0x348 Drivers\STM32F3xx_HAL_Driver\Src\stm32f3xx_hal_tim.o
 .debug_ranges  0x00000c48      0x110 Drivers\STM32F3xx_HAL_Driver\Src\stm32f3xx_hal_tim_ex.o
 .debug_ranges  0x00000d58      0x190 Drivers\STM32F3xx_HAL_Driver\Src\stm32f3xx_hal_uart.o
 .debug_ranges  0x00000ee8      0x180 Middlewares\Third_Party\FreeRTOS\Source\CMSIS_RTOS\cmsis_os.o
 .debug_ranges  0x00001068       0x30 Middlewares\Third_Party\FreeRTOS\Source\list.o
 .debug_ranges  0x00001098       0x88 Middlewares\Third_Party\FreeRTOS\Source\portable\GCC\ARM_CM4F\port.o
 .debug_ranges  0x00001120       0x38 Middlewares\Third_Party\FreeRTOS\Source\portable\MemMang\heap_4.o
 .debug_ranges  0x00001158      0x270 Middlewares\Third_Party\FreeRTOS\Source\tasks.o
 .debug_ranges  0x000013c8       0x50 Src\adc.o
 .debug_ranges  0x00001418       0x30 Src\dma.o
 .debug_ranges  0x00001448       0x10 Src\error_handler.o
 .debug_ranges  0x00001458       0x18 Src\freertos.o
 .debug_ranges  0x00001470       0x58 Src\gpio.o
 .debug_ranges  0x000014c8       0x28 Src\main.o
 .debug_ranges  0x000014f0       0x48 Src\spi.o
 .debug_ranges  0x00001538       0x30 Src\stm32f3xx_hal_msp.o
 .debug_ranges  0x00001568       0x40 Src\stm32f3xx_hal_timebase_TIM.o
 .debug_ranges  0x000015a8       0x20 Src\stm32f3xx_it.o
 .debug_ranges  0x000015c8       0x18 Src\system_stm32f3xx.o
 .debug_ranges  0x000015e0       0x40 Src\usart.o
 .debug_ranges  0x00001620       0x20 startup\startup_stm32f303xc.o

.debug_line     0x00000000     0xab56
 .debug_line    0x00000000      0x47d Drivers\STM32F3xx_HAL_Driver\Src\stm32f3xx_hal.o
 .debug_line    0x0000047d     0x14c6 Drivers\STM32F3xx_HAL_Driver\Src\stm32f3xx_hal_adc_ex.o
 .debug_line    0x00001943      0x4c8 Drivers\STM32F3xx_HAL_Driver\Src\stm32f3xx_hal_cortex.o
 .debug_line    0x00001e0b      0x572 Drivers\STM32F3xx_HAL_Driver\Src\stm32f3xx_hal_dma.o
 .debug_line    0x0000237d      0x45c Drivers\STM32F3xx_HAL_Driver\Src\stm32f3xx_hal_gpio.o
 .debug_line    0x000027d9      0x841 Drivers\STM32F3xx_HAL_Driver\Src\stm32f3xx_hal_rcc.o
 .debug_line    0x0000301a      0x53c Drivers\STM32F3xx_HAL_Driver\Src\stm32f3xx_hal_rcc_ex.o
 .debug_line    0x00003556      0xd20 Drivers\STM32F3xx_HAL_Driver\Src\stm32f3xx_hal_spi.o
 .debug_line    0x00004276     0x1259 Drivers\STM32F3xx_HAL_Driver\Src\stm32f3xx_hal_tim.o
 .debug_line    0x000054cf      0x8df Drivers\STM32F3xx_HAL_Driver\Src\stm32f3xx_hal_tim_ex.o
 .debug_line    0x00005dae      0xd45 Drivers\STM32F3xx_HAL_Driver\Src\stm32f3xx_hal_uart.o
 .debug_line    0x00006af3      0x8d4 Middlewares\Third_Party\FreeRTOS\Source\CMSIS_RTOS\cmsis_os.o
 .debug_line    0x000073c7      0x368 Middlewares\Third_Party\FreeRTOS\Source\list.o
 .debug_line    0x0000772f      0x349 Middlewares\Third_Party\FreeRTOS\Source\portable\GCC\ARM_CM4F\port.o
 .debug_line    0x00007a78      0x415 Middlewares\Third_Party\FreeRTOS\Source\portable\MemMang\heap_4.o
 .debug_line    0x00007e8d      0xb87 Middlewares\Third_Party\FreeRTOS\Source\tasks.o
 .debug_line    0x00008a14      0x37b Src\adc.o
 .debug_line    0x00008d8f      0x27a Src\dma.o
 .debug_line    0x00009009       0x46 Src\error_handler.o
 .debug_line    0x0000904f      0x1e5 Src\freertos.o
 .debug_line    0x00009234      0x2ee Src\gpio.o
 .debug_line    0x00009522      0x405 Src\main.o
 .debug_line    0x00009927      0x337 Src\spi.o
 .debug_line    0x00009c5e      0x28d Src\stm32f3xx_hal_msp.o
 .debug_line    0x00009eeb      0x329 Src\stm32f3xx_hal_timebase_TIM.o
 .debug_line    0x0000a214      0x30c Src\stm32f3xx_it.o
 .debug_line    0x0000a520      0x280 Src\system_stm32f3xx.o
 .debug_line    0x0000a7a0      0x337 Src\usart.o
 .debug_line    0x0000aad7       0x7f startup\startup_stm32f303xc.o

.debug_str      0x00000000     0x686e
 .debug_str     0x00000000      0xd86 Drivers\STM32F3xx_HAL_Driver\Src\stm32f3xx_hal.o
                                0xe47 (size before relaxing)
 .debug_str     0x00000d86      0xb86 Drivers\STM32F3xx_HAL_Driver\Src\stm32f3xx_hal_adc_ex.o
                               0x1377 (size before relaxing)
 .debug_str     0x0000190c      0x3a4 Drivers\STM32F3xx_HAL_Driver\Src\stm32f3xx_hal_cortex.o
                                0xfe4 (size before relaxing)
 .debug_str     0x00001cb0      0x229 Drivers\STM32F3xx_HAL_Driver\Src\stm32f3xx_hal_dma.o
                                0xad6 (size before relaxing)
 .debug_str     0x00001ed9      0x1e4 Drivers\STM32F3xx_HAL_Driver\Src\stm32f3xx_hal_gpio.o
                                0x8ef (size before relaxing)
 .debug_str     0x000020bd      0x2cd Drivers\STM32F3xx_HAL_Driver\Src\stm32f3xx_hal_rcc.o
                                0xace (size before relaxing)
 .debug_str     0x0000238a      0x216 Drivers\STM32F3xx_HAL_Driver\Src\stm32f3xx_hal_rcc_ex.o
                                0x9d0 (size before relaxing)
 .debug_str     0x000025a0      0x6f7 Drivers\STM32F3xx_HAL_Driver\Src\stm32f3xx_hal_spi.o
                               0x1014 (size before relaxing)
 .debug_str     0x00002c97      0xf02 Drivers\STM32F3xx_HAL_Driver\Src\stm32f3xx_hal_tim.o
                               0x186b (size before relaxing)
 .debug_str     0x00003b99      0x5a3 Drivers\STM32F3xx_HAL_Driver\Src\stm32f3xx_hal_tim_ex.o
                               0x12a6 (size before relaxing)
 .debug_str     0x0000413c      0x858 Drivers\STM32F3xx_HAL_Driver\Src\stm32f3xx_hal_uart.o
                               0x12e3 (size before relaxing)
 .debug_str     0x00004994      0xb3a Middlewares\Third_Party\FreeRTOS\Source\CMSIS_RTOS\cmsis_os.o
                               0x1221 (size before relaxing)
 .debug_str     0x000054ce      0x159 Middlewares\Third_Party\FreeRTOS\Source\list.o
                                0x76e (size before relaxing)
 .debug_str     0x00005627      0x21e Middlewares\Third_Party\FreeRTOS\Source\portable\GCC\ARM_CM4F\port.o
                                0x4a6 (size before relaxing)
 .debug_str     0x00005845      0x1e8 Middlewares\Third_Party\FreeRTOS\Source\portable\MemMang\heap_4.o
                                0x857 (size before relaxing)
 .debug_str     0x00005a2d      0x824 Middlewares\Third_Party\FreeRTOS\Source\tasks.o
                               0x1269 (size before relaxing)
 .debug_str     0x00006251       0x49 Src\adc.o
                                0xcb5 (size before relaxing)
 .debug_str     0x0000629a       0x19 Src\dma.o
                                0xb0d (size before relaxing)
 .debug_str     0x000062b3       0x1c Src\error_handler.o
                                0x153 (size before relaxing)
 .debug_str     0x000062cf       0x60 Src\freertos.o
                                0x361 (size before relaxing)
 .debug_str     0x0000632f       0x25 Src\gpio.o
                                0x78f (size before relaxing)
 .debug_str     0x00006354      0x3a1 Src\main.o
                               0x1a58 (size before relaxing)
 .debug_str     0x000066f5       0x24 Src\spi.o
                                0xb90 (size before relaxing)
 .debug_str     0x00006719       0x1b Src\stm32f3xx_hal_msp.o
                                0xb25 (size before relaxing)
 .debug_str     0x00006734       0x61 Src\stm32f3xx_hal_timebase_TIM.o
                               0x103c (size before relaxing)
 .debug_str     0x00006795       0x61 Src\stm32f3xx_it.o
                                0xaa0 (size before relaxing)
 .debug_str     0x000067f6       0x50 Src\system_stm32f3xx.o
                                0x74b (size before relaxing)
 .debug_str     0x00006846       0x28 Src\usart.o
                                0xc4c (size before relaxing)

.comment        0x00000000       0x7c
 .comment       0x00000000       0x7c Drivers\STM32F3xx_HAL_Driver\Src\stm32f3xx_hal.o
                                 0x7d (size before relaxing)
 .comment       0x0000007c       0x7d Drivers\STM32F3xx_HAL_Driver\Src\stm32f3xx_hal_adc_ex.o
 .comment       0x0000007c       0x7d Drivers\STM32F3xx_HAL_Driver\Src\stm32f3xx_hal_cortex.o
 .comment       0x0000007c       0x7d Drivers\STM32F3xx_HAL_Driver\Src\stm32f3xx_hal_dma.o
 .comment       0x0000007c       0x7d Drivers\STM32F3xx_HAL_Driver\Src\stm32f3xx_hal_gpio.o
 .comment       0x0000007c       0x7d Drivers\STM32F3xx_HAL_Driver\Src\stm32f3xx_hal_rcc.o
 .comment       0x0000007c       0x7d Drivers\STM32F3xx_HAL_Driver\Src\stm32f3xx_hal_rcc_ex.o
 .comment       0x0000007c       0x7d Drivers\STM32F3xx_HAL_Driver\Src\stm32f3xx_hal_spi.o
 .comment       0x0000007c       0x7d Drivers\STM32F3xx_HAL_Driver\Src\stm32f3xx_hal_tim.o
 .comment       0x0000007c       0x7d Drivers\STM32F3xx_HAL_Driver\Src\stm32f3xx_hal_tim_ex.o
 .comment       0x0000007c       0x7d Drivers\STM32F3xx_HAL_Driver\Src\stm32f3xx_hal_uart.o
 .comment       0x0000007c       0x7d Middlewares\Third_Party\FreeRTOS\Source\CMSIS_RTOS\cmsis_os.o
 .comment       0x0000007c       0x7d Middlewares\Third_Party\FreeRTOS\Source\list.o
 .comment       0x0000007c       0x7d Middlewares\Third_Party\FreeRTOS\Source\portable\GCC\ARM_CM4F\port.o
 .comment       0x0000007c       0x7d Middlewares\Third_Party\FreeRTOS\Source\portable\MemMang\heap_4.o
 .comment       0x0000007c       0x7d Middlewares\Third_Party\FreeRTOS\Source\tasks.o
 .comment       0x0000007c       0x7d Src\adc.o
 .comment       0x0000007c       0x7d Src\dma.o
 .comment       0x0000007c       0x7d Src\error_handler.o
 .comment       0x0000007c       0x7d Src\freertos.o
 .comment       0x0000007c       0x7d Src\gpio.o
 .comment       0x0000007c       0x7d Src\main.o
 .comment       0x0000007c       0x7d Src\spi.o
 .comment       0x0000007c       0x7d Src\stm32f3xx_hal_msp.o
 .comment       0x0000007c       0x7d Src\stm32f3xx_hal_timebase_TIM.o
 .comment       0x0000007c       0x7d Src\stm32f3xx_it.o
 .comment       0x0000007c       0x7d Src\system_stm32f3xx.o
 .comment       0x0000007c       0x7d Src\usart.o

.debug_frame    0x00000000     0x32c0
 .debug_frame   0x00000000      0x1d0 Drivers\STM32F3xx_HAL_Driver\Src\stm32f3xx_hal.o
 .debug_frame   0x000001d0      0x468 Drivers\STM32F3xx_HAL_Driver\Src\stm32f3xx_hal_adc_ex.o
 .debug_frame   0x00000638      0x158 Drivers\STM32F3xx_HAL_Driver\Src\stm32f3xx_hal_cortex.o
 .debug_frame   0x00000790      0x15c Drivers\STM32F3xx_HAL_Driver\Src\stm32f3xx_hal_dma.o
 .debug_frame   0x000008ec       0xd4 Drivers\STM32F3xx_HAL_Driver\Src\stm32f3xx_hal_gpio.o
 .debug_frame   0x000009c0      0x13c Drivers\STM32F3xx_HAL_Driver\Src\stm32f3xx_hal_rcc.o
 .debug_frame   0x00000afc       0xb8 Drivers\STM32F3xx_HAL_Driver\Src\stm32f3xx_hal_rcc_ex.o
 .debug_frame   0x00000bb4      0x5bc Drivers\STM32F3xx_HAL_Driver\Src\stm32f3xx_hal_spi.o
 .debug_frame   0x00001170      0x8b0 Drivers\STM32F3xx_HAL_Driver\Src\stm32f3xx_hal_tim.o
 .debug_frame   0x00001a20      0x3e4 Drivers\STM32F3xx_HAL_Driver\Src\stm32f3xx_hal_tim_ex.o
 .debug_frame   0x00001e04      0x568 Drivers\STM32F3xx_HAL_Driver\Src\stm32f3xx_hal_uart.o
 .debug_frame   0x0000236c      0x4d4 Middlewares\Third_Party\FreeRTOS\Source\CMSIS_RTOS\cmsis_os.o
 .debug_frame   0x00002840       0x6c Middlewares\Third_Party\FreeRTOS\Source\list.o
 .debug_frame   0x000028ac       0xf0 Middlewares\Third_Party\FreeRTOS\Source\portable\GCC\ARM_CM4F\port.o
 .debug_frame   0x0000299c       0x98 Middlewares\Third_Party\FreeRTOS\Source\portable\MemMang\heap_4.o
 .debug_frame   0x00002a34      0x4ac Middlewares\Third_Party\FreeRTOS\Source\tasks.o
 .debug_frame   0x00002ee0       0x70 Src\adc.o
 .debug_frame   0x00002f50       0x28 Src\dma.o
 .debug_frame   0x00002f78       0x20 Src\error_handler.o
 .debug_frame   0x00002f98       0x48 Src\freertos.o
 .debug_frame   0x00002fe0       0x48 Src\gpio.o
 .debug_frame   0x00003028       0x98 Src\main.o
 .debug_frame   0x000030c0       0x74 Src\spi.o
 .debug_frame   0x00003134       0x28 Src\stm32f3xx_hal_msp.o
 .debug_frame   0x0000315c       0x50 Src\stm32f3xx_hal_timebase_TIM.o
 .debug_frame   0x000031ac       0x40 Src\stm32f3xx_it.o
 .debug_frame   0x000031ec       0x38 Src\system_stm32f3xx.o
 .debug_frame   0x00003224       0x70 Src\usart.o
 .debug_frame   0x00003294       0x2c c:/program files (x86)/atollic/truestudio for stm32 9.0.0/armtools/bin/../lib/gcc/arm-atollic-eabi/6.3.1/../../../../arm-atollic-eabi/lib/armv7e-m/fpu\libc.a(lib_a-init.o)

.stabstr        0x00000000       0x76
 .stabstr       0x00000000       0x76 c:/program files (x86)/atollic/truestudio for stm32 9.0.0/armtools/bin/../lib/gcc/arm-atollic-eabi/6.3.1/../../../../arm-atollic-eabi/lib/armv7e-m/fpu\libnosys.a(getpid.o)

Cross Reference Table

Symbol                                            File
ADC1_2_IRQHandler                                 startup\startup_stm32f303xc.o
ADC3_IRQHandler                                   startup\startup_stm32f303xc.o
ADC4_IRQHandler                                   startup\startup_stm32f303xc.o
AHBPrescTable                                     Src\system_stm32f3xx.o
                                                  Drivers\STM32F3xx_HAL_Driver\Src\stm32f3xx_hal_rcc.o
APBPrescTable                                     Src\system_stm32f3xx.o
                                                  Drivers\STM32F3xx_HAL_Driver\Src\stm32f3xx_hal_rcc.o
BusFault_Handler                                  startup\startup_stm32f303xc.o
CAN_RX1_IRQHandler                                startup\startup_stm32f303xc.o
CAN_SCE_IRQHandler                                startup\startup_stm32f303xc.o
COMP1_2_3_IRQHandler                              startup\startup_stm32f303xc.o
COMP4_5_6_IRQHandler                              startup\startup_stm32f303xc.o
COMP7_IRQHandler                                  startup\startup_stm32f303xc.o
DMA1_Channel1_IRQHandler                          startup\startup_stm32f303xc.o
DMA1_Channel2_IRQHandler                          startup\startup_stm32f303xc.o
DMA1_Channel3_IRQHandler                          startup\startup_stm32f303xc.o
DMA1_Channel4_IRQHandler                          startup\startup_stm32f303xc.o
DMA1_Channel5_IRQHandler                          startup\startup_stm32f303xc.o
DMA1_Channel6_IRQHandler                          startup\startup_stm32f303xc.o
DMA1_Channel7_IRQHandler                          startup\startup_stm32f303xc.o
DMA2_Channel1_IRQHandler                          startup\startup_stm32f303xc.o
DMA2_Channel2_IRQHandler                          startup\startup_stm32f303xc.o
DMA2_Channel3_IRQHandler                          startup\startup_stm32f303xc.o
DMA2_Channel4_IRQHandler                          startup\startup_stm32f303xc.o
DMA2_Channel5_IRQHandler                          Src\stm32f3xx_it.o
DebugMon_Handler                                  startup\startup_stm32f303xc.o
Default_Handler                                   startup\startup_stm32f303xc.o
EXTI0_IRQHandler                                  startup\startup_stm32f303xc.o
EXTI15_10_IRQHandler                              startup\startup_stm32f303xc.o
EXTI1_IRQHandler                                  startup\startup_stm32f303xc.o
EXTI2_TSC_IRQHandler                              startup\startup_stm32f303xc.o
EXTI3_IRQHandler                                  startup\startup_stm32f303xc.o
EXTI4_IRQHandler                                  startup\startup_stm32f303xc.o
EXTI9_5_IRQHandler                                startup\startup_stm32f303xc.o
FLASH_IRQHandler                                  startup\startup_stm32f303xc.o
FLASH_PageErase                                   Drivers\STM32F3xx_HAL_Driver\Src\stm32f3xx_hal_flash_ex.o
                                                  Drivers\STM32F3xx_HAL_Driver\Src\stm32f3xx_hal_flash.o
FLASH_WaitForLastOperation                        Drivers\STM32F3xx_HAL_Driver\Src\stm32f3xx_hal_flash.o
                                                  Drivers\STM32F3xx_HAL_Driver\Src\stm32f3xx_hal_flash_ex.o
FPU_IRQHandler                                    startup\startup_stm32f303xc.o
HAL_ADCEx_Calibration_GetValue                    Drivers\STM32F3xx_HAL_Driver\Src\stm32f3xx_hal_adc_ex.o
HAL_ADCEx_Calibration_SetValue                    Drivers\STM32F3xx_HAL_Driver\Src\stm32f3xx_hal_adc_ex.o
HAL_ADCEx_Calibration_Start                       Drivers\STM32F3xx_HAL_Driver\Src\stm32f3xx_hal_adc_ex.o
HAL_ADCEx_InjectedConfigChannel                   Drivers\STM32F3xx_HAL_Driver\Src\stm32f3xx_hal_adc_ex.o
HAL_ADCEx_InjectedConvCpltCallback                Drivers\STM32F3xx_HAL_Driver\Src\stm32f3xx_hal_adc_ex.o
HAL_ADCEx_InjectedGetValue                        Drivers\STM32F3xx_HAL_Driver\Src\stm32f3xx_hal_adc_ex.o
HAL_ADCEx_InjectedPollForConversion               Drivers\STM32F3xx_HAL_Driver\Src\stm32f3xx_hal_adc_ex.o
HAL_ADCEx_InjectedQueueOverflowCallback           Drivers\STM32F3xx_HAL_Driver\Src\stm32f3xx_hal_adc_ex.o
HAL_ADCEx_InjectedStart                           Drivers\STM32F3xx_HAL_Driver\Src\stm32f3xx_hal_adc_ex.o
HAL_ADCEx_InjectedStart_IT                        Drivers\STM32F3xx_HAL_Driver\Src\stm32f3xx_hal_adc_ex.o
HAL_ADCEx_InjectedStop                            Drivers\STM32F3xx_HAL_Driver\Src\stm32f3xx_hal_adc_ex.o
HAL_ADCEx_InjectedStop_IT                         Drivers\STM32F3xx_HAL_Driver\Src\stm32f3xx_hal_adc_ex.o
HAL_ADCEx_LevelOutOfWindow2Callback               Drivers\STM32F3xx_HAL_Driver\Src\stm32f3xx_hal_adc_ex.o
HAL_ADCEx_LevelOutOfWindow3Callback               Drivers\STM32F3xx_HAL_Driver\Src\stm32f3xx_hal_adc_ex.o
HAL_ADCEx_MultiModeConfigChannel                  Drivers\STM32F3xx_HAL_Driver\Src\stm32f3xx_hal_adc_ex.o
                                                  Src\adc.o
HAL_ADCEx_MultiModeGetValue                       Drivers\STM32F3xx_HAL_Driver\Src\stm32f3xx_hal_adc_ex.o
HAL_ADCEx_MultiModeStart_DMA                      Drivers\STM32F3xx_HAL_Driver\Src\stm32f3xx_hal_adc_ex.o
HAL_ADCEx_MultiModeStop_DMA                       Drivers\STM32F3xx_HAL_Driver\Src\stm32f3xx_hal_adc_ex.o
HAL_ADCEx_RegularMultiModeStop_DMA                Drivers\STM32F3xx_HAL_Driver\Src\stm32f3xx_hal_adc_ex.o
HAL_ADCEx_RegularStop                             Drivers\STM32F3xx_HAL_Driver\Src\stm32f3xx_hal_adc_ex.o
HAL_ADCEx_RegularStop_DMA                         Drivers\STM32F3xx_HAL_Driver\Src\stm32f3xx_hal_adc_ex.o
HAL_ADCEx_RegularStop_IT                          Drivers\STM32F3xx_HAL_Driver\Src\stm32f3xx_hal_adc_ex.o
HAL_ADC_AnalogWDGConfig                           Drivers\STM32F3xx_HAL_Driver\Src\stm32f3xx_hal_adc_ex.o
                                                  Drivers\STM32F3xx_HAL_Driver\Src\stm32f3xx_hal_adc.o
HAL_ADC_ConfigChannel                             Drivers\STM32F3xx_HAL_Driver\Src\stm32f3xx_hal_adc_ex.o
                                                  Drivers\STM32F3xx_HAL_Driver\Src\stm32f3xx_hal_adc.o
                                                  Src\adc.o
HAL_ADC_ConvCpltCallback                          Drivers\STM32F3xx_HAL_Driver\Src\stm32f3xx_hal_adc.o
                                                  Drivers\STM32F3xx_HAL_Driver\Src\stm32f3xx_hal_adc_ex.o
HAL_ADC_ConvHalfCpltCallback                      Drivers\STM32F3xx_HAL_Driver\Src\stm32f3xx_hal_adc.o
                                                  Drivers\STM32F3xx_HAL_Driver\Src\stm32f3xx_hal_adc_ex.o
HAL_ADC_DeInit                                    Drivers\STM32F3xx_HAL_Driver\Src\stm32f3xx_hal_adc_ex.o
                                                  Drivers\STM32F3xx_HAL_Driver\Src\stm32f3xx_hal_adc.o
HAL_ADC_ErrorCallback                             Drivers\STM32F3xx_HAL_Driver\Src\stm32f3xx_hal_adc.o
                                                  Drivers\STM32F3xx_HAL_Driver\Src\stm32f3xx_hal_adc_ex.o
HAL_ADC_GetError                                  Drivers\STM32F3xx_HAL_Driver\Src\stm32f3xx_hal_adc.o
HAL_ADC_GetState                                  Drivers\STM32F3xx_HAL_Driver\Src\stm32f3xx_hal_adc.o
HAL_ADC_GetValue                                  Drivers\STM32F3xx_HAL_Driver\Src\stm32f3xx_hal_adc_ex.o
                                                  Drivers\STM32F3xx_HAL_Driver\Src\stm32f3xx_hal_adc.o
HAL_ADC_IRQHandler                                Drivers\STM32F3xx_HAL_Driver\Src\stm32f3xx_hal_adc_ex.o
                                                  Drivers\STM32F3xx_HAL_Driver\Src\stm32f3xx_hal_adc.o
HAL_ADC_Init                                      Drivers\STM32F3xx_HAL_Driver\Src\stm32f3xx_hal_adc_ex.o
                                                  Drivers\STM32F3xx_HAL_Driver\Src\stm32f3xx_hal_adc.o
                                                  Src\adc.o
HAL_ADC_LevelOutOfWindowCallback                  Drivers\STM32F3xx_HAL_Driver\Src\stm32f3xx_hal_adc.o
                                                  Drivers\STM32F3xx_HAL_Driver\Src\stm32f3xx_hal_adc_ex.o
HAL_ADC_MspDeInit                                 Src\adc.o
                                                  Drivers\STM32F3xx_HAL_Driver\Src\stm32f3xx_hal_adc.o
                                                  Drivers\STM32F3xx_HAL_Driver\Src\stm32f3xx_hal_adc_ex.o
HAL_ADC_MspInit                                   Src\adc.o
                                                  Drivers\STM32F3xx_HAL_Driver\Src\stm32f3xx_hal_adc.o
                                                  Drivers\STM32F3xx_HAL_Driver\Src\stm32f3xx_hal_adc_ex.o
HAL_ADC_PollForConversion                         Drivers\STM32F3xx_HAL_Driver\Src\stm32f3xx_hal_adc_ex.o
                                                  Drivers\STM32F3xx_HAL_Driver\Src\stm32f3xx_hal_adc.o
HAL_ADC_PollForEvent                              Drivers\STM32F3xx_HAL_Driver\Src\stm32f3xx_hal_adc_ex.o
                                                  Drivers\STM32F3xx_HAL_Driver\Src\stm32f3xx_hal_adc.o
HAL_ADC_Start                                     Drivers\STM32F3xx_HAL_Driver\Src\stm32f3xx_hal_adc_ex.o
                                                  Drivers\STM32F3xx_HAL_Driver\Src\stm32f3xx_hal_adc.o
HAL_ADC_Start_DMA                                 Drivers\STM32F3xx_HAL_Driver\Src\stm32f3xx_hal_adc_ex.o
                                                  Drivers\STM32F3xx_HAL_Driver\Src\stm32f3xx_hal_adc.o
HAL_ADC_Start_IT                                  Drivers\STM32F3xx_HAL_Driver\Src\stm32f3xx_hal_adc_ex.o
                                                  Drivers\STM32F3xx_HAL_Driver\Src\stm32f3xx_hal_adc.o
HAL_ADC_Stop                                      Drivers\STM32F3xx_HAL_Driver\Src\stm32f3xx_hal_adc_ex.o
                                                  Drivers\STM32F3xx_HAL_Driver\Src\stm32f3xx_hal_adc.o
HAL_ADC_Stop_DMA                                  Drivers\STM32F3xx_HAL_Driver\Src\stm32f3xx_hal_adc_ex.o
                                                  Drivers\STM32F3xx_HAL_Driver\Src\stm32f3xx_hal_adc.o
HAL_ADC_Stop_IT                                   Drivers\STM32F3xx_HAL_Driver\Src\stm32f3xx_hal_adc_ex.o
                                                  Drivers\STM32F3xx_HAL_Driver\Src\stm32f3xx_hal_adc.o
HAL_DBGMCU_DisableDBGSleepMode                    Drivers\STM32F3xx_HAL_Driver\Src\stm32f3xx_hal.o
HAL_DBGMCU_DisableDBGStandbyMode                  Drivers\STM32F3xx_HAL_Driver\Src\stm32f3xx_hal.o
HAL_DBGMCU_DisableDBGStopMode                     Drivers\STM32F3xx_HAL_Driver\Src\stm32f3xx_hal.o
HAL_DBGMCU_EnableDBGSleepMode                     Drivers\STM32F3xx_HAL_Driver\Src\stm32f3xx_hal.o
HAL_DBGMCU_EnableDBGStandbyMode                   Drivers\STM32F3xx_HAL_Driver\Src\stm32f3xx_hal.o
HAL_DBGMCU_EnableDBGStopMode                      Drivers\STM32F3xx_HAL_Driver\Src\stm32f3xx_hal.o
HAL_DMA_Abort                                     Drivers\STM32F3xx_HAL_Driver\Src\stm32f3xx_hal_dma.o
                                                  Drivers\STM32F3xx_HAL_Driver\Src\stm32f3xx_hal_uart.o
                                                  Drivers\STM32F3xx_HAL_Driver\Src\stm32f3xx_hal_tim.o
                                                  Drivers\STM32F3xx_HAL_Driver\Src\stm32f3xx_hal_spi.o
                                                  Drivers\STM32F3xx_HAL_Driver\Src\stm32f3xx_hal_adc_ex.o
HAL_DMA_Abort_IT                                  Drivers\STM32F3xx_HAL_Driver\Src\stm32f3xx_hal_dma.o
                                                  Drivers\STM32F3xx_HAL_Driver\Src\stm32f3xx_hal_uart.o
                                                  Drivers\STM32F3xx_HAL_Driver\Src\stm32f3xx_hal_spi.o
                                                  Drivers\STM32F3xx_HAL_Driver\Src\stm32f3xx_hal_i2c.o
HAL_DMA_DeInit                                    Drivers\STM32F3xx_HAL_Driver\Src\stm32f3xx_hal_dma.o
                                                  Src\usart.o
HAL_DMA_GetError                                  Drivers\STM32F3xx_HAL_Driver\Src\stm32f3xx_hal_dma.o
HAL_DMA_GetState                                  Drivers\STM32F3xx_HAL_Driver\Src\stm32f3xx_hal_dma.o
HAL_DMA_IRQHandler                                Drivers\STM32F3xx_HAL_Driver\Src\stm32f3xx_hal_dma.o
                                                  Src\stm32f3xx_it.o
HAL_DMA_Init                                      Drivers\STM32F3xx_HAL_Driver\Src\stm32f3xx_hal_dma.o
                                                  Src\usart.o
HAL_DMA_PollForTransfer                           Drivers\STM32F3xx_HAL_Driver\Src\stm32f3xx_hal_dma.o
HAL_DMA_RegisterCallback                          Drivers\STM32F3xx_HAL_Driver\Src\stm32f3xx_hal_dma.o
HAL_DMA_Start                                     Drivers\STM32F3xx_HAL_Driver\Src\stm32f3xx_hal_dma.o
HAL_DMA_Start_IT                                  Drivers\STM32F3xx_HAL_Driver\Src\stm32f3xx_hal_dma.o
                                                  Drivers\STM32F3xx_HAL_Driver\Src\stm32f3xx_hal_uart.o
                                                  Drivers\STM32F3xx_HAL_Driver\Src\stm32f3xx_hal_tim_ex.o
                                                  Drivers\STM32F3xx_HAL_Driver\Src\stm32f3xx_hal_tim.o
                                                  Drivers\STM32F3xx_HAL_Driver\Src\stm32f3xx_hal_spi.o
                                                  Drivers\STM32F3xx_HAL_Driver\Src\stm32f3xx_hal_i2c.o
                                                  Drivers\STM32F3xx_HAL_Driver\Src\stm32f3xx_hal_adc_ex.o
HAL_DMA_UnRegisterCallback                        Drivers\STM32F3xx_HAL_Driver\Src\stm32f3xx_hal_dma.o
HAL_DeInit                                        Drivers\STM32F3xx_HAL_Driver\Src\stm32f3xx_hal.o
HAL_Delay                                         Drivers\STM32F3xx_HAL_Driver\Src\stm32f3xx_hal.o
HAL_FLASHEx_Erase                                 Drivers\STM32F3xx_HAL_Driver\Src\stm32f3xx_hal_flash_ex.o
HAL_FLASHEx_Erase_IT                              Drivers\STM32F3xx_HAL_Driver\Src\stm32f3xx_hal_flash_ex.o
HAL_FLASHEx_OBErase                               Drivers\STM32F3xx_HAL_Driver\Src\stm32f3xx_hal_flash_ex.o
HAL_FLASHEx_OBGetConfig                           Drivers\STM32F3xx_HAL_Driver\Src\stm32f3xx_hal_flash_ex.o
HAL_FLASHEx_OBGetUserData                         Drivers\STM32F3xx_HAL_Driver\Src\stm32f3xx_hal_flash_ex.o
HAL_FLASHEx_OBProgram                             Drivers\STM32F3xx_HAL_Driver\Src\stm32f3xx_hal_flash_ex.o
HAL_FLASH_EndOfOperationCallback                  Drivers\STM32F3xx_HAL_Driver\Src\stm32f3xx_hal_flash.o
HAL_FLASH_GetError                                Drivers\STM32F3xx_HAL_Driver\Src\stm32f3xx_hal_flash.o
HAL_FLASH_IRQHandler                              Drivers\STM32F3xx_HAL_Driver\Src\stm32f3xx_hal_flash.o
HAL_FLASH_Lock                                    Drivers\STM32F3xx_HAL_Driver\Src\stm32f3xx_hal_flash.o
HAL_FLASH_OB_Launch                               Drivers\STM32F3xx_HAL_Driver\Src\stm32f3xx_hal_flash.o
HAL_FLASH_OB_Lock                                 Drivers\STM32F3xx_HAL_Driver\Src\stm32f3xx_hal_flash.o
HAL_FLASH_OB_Unlock                               Drivers\STM32F3xx_HAL_Driver\Src\stm32f3xx_hal_flash.o
HAL_FLASH_OperationErrorCallback                  Drivers\STM32F3xx_HAL_Driver\Src\stm32f3xx_hal_flash.o
HAL_FLASH_Program                                 Drivers\STM32F3xx_HAL_Driver\Src\stm32f3xx_hal_flash.o
HAL_FLASH_Program_IT                              Drivers\STM32F3xx_HAL_Driver\Src\stm32f3xx_hal_flash.o
HAL_FLASH_Unlock                                  Drivers\STM32F3xx_HAL_Driver\Src\stm32f3xx_hal_flash.o
HAL_GPIO_DeInit                                   Drivers\STM32F3xx_HAL_Driver\Src\stm32f3xx_hal_gpio.o
                                                  Src\usart.o
                                                  Src\spi.o
                                                  Src\adc.o
HAL_GPIO_EXTI_Callback                            Drivers\STM32F3xx_HAL_Driver\Src\stm32f3xx_hal_gpio.o
HAL_GPIO_EXTI_IRQHandler                          Drivers\STM32F3xx_HAL_Driver\Src\stm32f3xx_hal_gpio.o
HAL_GPIO_Init                                     Drivers\STM32F3xx_HAL_Driver\Src\stm32f3xx_hal_gpio.o
                                                  Src\usart.o
                                                  Src\spi.o
                                                  Src\gpio.o
                                                  Src\adc.o
                                                  Drivers\STM32F3xx_HAL_Driver\Src\stm32f3xx_hal_rcc.o
HAL_GPIO_LockPin                                  Drivers\STM32F3xx_HAL_Driver\Src\stm32f3xx_hal_gpio.o
HAL_GPIO_ReadPin                                  Drivers\STM32F3xx_HAL_Driver\Src\stm32f3xx_hal_gpio.o
HAL_GPIO_TogglePin                                Drivers\STM32F3xx_HAL_Driver\Src\stm32f3xx_hal_gpio.o
                                                  Src\gpio.o
HAL_GPIO_WritePin                                 Drivers\STM32F3xx_HAL_Driver\Src\stm32f3xx_hal_gpio.o
                                                  Src\gpio.o
HAL_GetDEVID                                      Drivers\STM32F3xx_HAL_Driver\Src\stm32f3xx_hal.o
HAL_GetHalVersion                                 Drivers\STM32F3xx_HAL_Driver\Src\stm32f3xx_hal.o
HAL_GetREVID                                      Drivers\STM32F3xx_HAL_Driver\Src\stm32f3xx_hal.o
HAL_GetTick                                       Drivers\STM32F3xx_HAL_Driver\Src\stm32f3xx_hal.o
                                                  Drivers\STM32F3xx_HAL_Driver\Src\stm32f3xx_hal_uart_ex.o
                                                  Drivers\STM32F3xx_HAL_Driver\Src\stm32f3xx_hal_uart.o
                                                  Drivers\STM32F3xx_HAL_Driver\Src\stm32f3xx_hal_spi.o
                                                  Drivers\STM32F3xx_HAL_Driver\Src\stm32f3xx_hal_rcc_ex.o
                                                  Drivers\STM32F3xx_HAL_Driver\Src\stm32f3xx_hal_rcc.o
                                                  Drivers\STM32F3xx_HAL_Driver\Src\stm32f3xx_hal_i2c.o
                                                  Drivers\STM32F3xx_HAL_Driver\Src\stm32f3xx_hal_flash.o
                                                  Drivers\STM32F3xx_HAL_Driver\Src\stm32f3xx_hal_dma.o
                                                  Drivers\STM32F3xx_HAL_Driver\Src\stm32f3xx_hal_adc_ex.o
HAL_GetTickFreq                                   Drivers\STM32F3xx_HAL_Driver\Src\stm32f3xx_hal.o
HAL_GetTickPrio                                   Drivers\STM32F3xx_HAL_Driver\Src\stm32f3xx_hal.o
HAL_GetUIDw0                                      Drivers\STM32F3xx_HAL_Driver\Src\stm32f3xx_hal.o
HAL_GetUIDw1                                      Drivers\STM32F3xx_HAL_Driver\Src\stm32f3xx_hal.o
HAL_GetUIDw2                                      Drivers\STM32F3xx_HAL_Driver\Src\stm32f3xx_hal.o
HAL_HalfDuplex_EnableReceiver                     Drivers\STM32F3xx_HAL_Driver\Src\stm32f3xx_hal_uart.o
HAL_HalfDuplex_EnableTransmitter                  Drivers\STM32F3xx_HAL_Driver\Src\stm32f3xx_hal_uart.o
HAL_HalfDuplex_Init                               Drivers\STM32F3xx_HAL_Driver\Src\stm32f3xx_hal_uart.o
HAL_I2CEx_ConfigAnalogFilter                      Drivers\STM32F3xx_HAL_Driver\Src\stm32f3xx_hal_i2c_ex.o
HAL_I2CEx_ConfigDigitalFilter                     Drivers\STM32F3xx_HAL_Driver\Src\stm32f3xx_hal_i2c_ex.o
HAL_I2CEx_DisableFastModePlus                     Drivers\STM32F3xx_HAL_Driver\Src\stm32f3xx_hal_i2c_ex.o
HAL_I2CEx_DisableWakeUp                           Drivers\STM32F3xx_HAL_Driver\Src\stm32f3xx_hal_i2c_ex.o
HAL_I2CEx_EnableFastModePlus                      Drivers\STM32F3xx_HAL_Driver\Src\stm32f3xx_hal_i2c_ex.o
HAL_I2CEx_EnableWakeUp                            Drivers\STM32F3xx_HAL_Driver\Src\stm32f3xx_hal_i2c_ex.o
HAL_I2C_AbortCpltCallback                         Drivers\STM32F3xx_HAL_Driver\Src\stm32f3xx_hal_i2c.o
HAL_I2C_AddrCallback                              Drivers\STM32F3xx_HAL_Driver\Src\stm32f3xx_hal_i2c.o
HAL_I2C_DeInit                                    Drivers\STM32F3xx_HAL_Driver\Src\stm32f3xx_hal_i2c.o
HAL_I2C_DisableListen_IT                          Drivers\STM32F3xx_HAL_Driver\Src\stm32f3xx_hal_i2c.o
HAL_I2C_ER_IRQHandler                             Drivers\STM32F3xx_HAL_Driver\Src\stm32f3xx_hal_i2c.o
HAL_I2C_EV_IRQHandler                             Drivers\STM32F3xx_HAL_Driver\Src\stm32f3xx_hal_i2c.o
HAL_I2C_EnableListen_IT                           Drivers\STM32F3xx_HAL_Driver\Src\stm32f3xx_hal_i2c.o
HAL_I2C_ErrorCallback                             Drivers\STM32F3xx_HAL_Driver\Src\stm32f3xx_hal_i2c.o
HAL_I2C_GetError                                  Drivers\STM32F3xx_HAL_Driver\Src\stm32f3xx_hal_i2c.o
HAL_I2C_GetMode                                   Drivers\STM32F3xx_HAL_Driver\Src\stm32f3xx_hal_i2c.o
HAL_I2C_GetState                                  Drivers\STM32F3xx_HAL_Driver\Src\stm32f3xx_hal_i2c.o
HAL_I2C_Init                                      Drivers\STM32F3xx_HAL_Driver\Src\stm32f3xx_hal_i2c.o
HAL_I2C_IsDeviceReady                             Drivers\STM32F3xx_HAL_Driver\Src\stm32f3xx_hal_i2c.o
HAL_I2C_ListenCpltCallback                        Drivers\STM32F3xx_HAL_Driver\Src\stm32f3xx_hal_i2c.o
HAL_I2C_MasterRxCpltCallback                      Drivers\STM32F3xx_HAL_Driver\Src\stm32f3xx_hal_i2c.o
HAL_I2C_MasterTxCpltCallback                      Drivers\STM32F3xx_HAL_Driver\Src\stm32f3xx_hal_i2c.o
HAL_I2C_Master_Abort_IT                           Drivers\STM32F3xx_HAL_Driver\Src\stm32f3xx_hal_i2c.o
HAL_I2C_Master_Receive                            Drivers\STM32F3xx_HAL_Driver\Src\stm32f3xx_hal_i2c.o